Archive member included to satisfy reference by file (symbol)

library.a(initialize.o)       obj/Lab05-Part2Main-c.o (InitializeHardware)
library.a(stm32f429i_discovery.o)
                              library.a(initialize.o) (BSP_PB_Init)
library.a(stm32f429i_discovery_lcd.o)
                              library.a(initialize.o) (BSP_LCD_LayerDefaultInit)
library.a(stm32f429i_discovery_sdram.o)
                              library.a(stm32f429i_discovery_lcd.o) (BSP_SDRAM_Init)
library.a(stm32f4xx_hal.o)    library.a(initialize.o) (HAL_Init)
library.a(stm32f4xx_hal_cortex.o)
                              library.a(stm32f4xx_hal.o) (HAL_NVIC_SetPriorityGrouping)
library.a(stm32f4xx_hal_dma.o)
                              library.a(stm32f429i_discovery_sdram.o) (HAL_DMA_Init)
library.a(stm32f4xx_hal_dma2d.o)
                              library.a(stm32f429i_discovery_lcd.o) (HAL_DMA2D_Init)
library.a(stm32f4xx_hal_gpio.o)
                              library.a(stm32f429i_discovery.o) (HAL_GPIO_Init)
library.a(stm32f4xx_hal_i2c.o)
                              library.a(stm32f429i_discovery.o) (HAL_I2C_Init)
library.a(stm32f4xx_hal_ltdc.o)
                              library.a(stm32f429i_discovery_lcd.o) (HAL_LTDC_Init)
library.a(stm32f4xx_hal_rcc.o)
                              library.a(initialize.o) (HAL_RCC_OscConfig)
library.a(stm32f4xx_hal_rcc_ex.o)
                              library.a(stm32f429i_discovery_lcd.o) (HAL_RCCEx_PeriphCLKConfig)
library.a(stm32f4xx_hal_sdram.o)
                              library.a(stm32f429i_discovery_sdram.o) (HAL_SDRAM_Init)
library.a(stm32f4xx_hal_spi.o)
                              library.a(stm32f429i_discovery.o) (HAL_SPI_Init)
library.a(stm32f4xx_it.o)     library.a(initialize.o) (IncludeThis)
library.a(stm32f4xx_ll_fmc.o)
                              library.a(stm32f4xx_hal_sdram.o) (FMC_SDRAM_Init)
library.a(svcHandler.o)       library.a(stm32f4xx_it.o) (SVC_Exception)
library.a(system_stm32f4xx.o)
                              library.a(stm32f4xx_hal_rcc.o) (SystemCoreClock)
library.a(startup_stm32f429xx.o)
                              library.a(initialize.o) (Reset_Handler)
library.a(ili9341.o)          library.a(stm32f429i_discovery_lcd.o) (ili9341_drv)
/users7/cse/qmatthews/source/ArmGNUAssemblyWorkspace/arm-gnu-toolchain-12.2.rel1-x86_64-arm-none-eabi/bin/../lib/gcc/arm-none-eabi/12.2.1/../../../../arm-none-eabi/lib/thumb/v7e-m+fp/hard/libc.a(libc_a-exit.o)
                              /users7/cse/qmatthews/source/ArmGNUAssemblyWorkspace/arm-gnu-toolchain-12.2.rel1-x86_64-arm-none-eabi/bin/../lib/gcc/arm-none-eabi/12.2.1/../../../../arm-none-eabi/lib/thumb/v7e-m+fp/hard/crt0.o (exit)
/users7/cse/qmatthews/source/ArmGNUAssemblyWorkspace/arm-gnu-toolchain-12.2.rel1-x86_64-arm-none-eabi/bin/../lib/gcc/arm-none-eabi/12.2.1/../../../../arm-none-eabi/lib/thumb/v7e-m+fp/hard/libc.a(libc_a-sprintf.o)
                              library.a(svcHandler.o) (sprintf)
/users7/cse/qmatthews/source/ArmGNUAssemblyWorkspace/arm-gnu-toolchain-12.2.rel1-x86_64-arm-none-eabi/bin/../lib/gcc/arm-none-eabi/12.2.1/../../../../arm-none-eabi/lib/thumb/v7e-m+fp/hard/libc.a(libc_a-svfprintf.o)
                              /users7/cse/qmatthews/source/ArmGNUAssemblyWorkspace/arm-gnu-toolchain-12.2.rel1-x86_64-arm-none-eabi/bin/../lib/gcc/arm-none-eabi/12.2.1/../../../../arm-none-eabi/lib/thumb/v7e-m+fp/hard/libc.a(libc_a-sprintf.o) (_svfprintf_r)
/users7/cse/qmatthews/source/ArmGNUAssemblyWorkspace/arm-gnu-toolchain-12.2.rel1-x86_64-arm-none-eabi/bin/../lib/gcc/arm-none-eabi/12.2.1/../../../../arm-none-eabi/lib/thumb/v7e-m+fp/hard/libc.a(libc_a-mallocr.o)
                              /users7/cse/qmatthews/source/ArmGNUAssemblyWorkspace/arm-gnu-toolchain-12.2.rel1-x86_64-arm-none-eabi/bin/../lib/gcc/arm-none-eabi/12.2.1/../../../../arm-none-eabi/lib/thumb/v7e-m+fp/hard/libc.a(libc_a-svfprintf.o) (_malloc_r)
/users7/cse/qmatthews/source/ArmGNUAssemblyWorkspace/arm-gnu-toolchain-12.2.rel1-x86_64-arm-none-eabi/bin/../lib/gcc/arm-none-eabi/12.2.1/../../../../arm-none-eabi/lib/thumb/v7e-m+fp/hard/libc.a(libc_a-__call_atexit.o)
                              /users7/cse/qmatthews/source/ArmGNUAssemblyWorkspace/arm-gnu-toolchain-12.2.rel1-x86_64-arm-none-eabi/bin/../lib/gcc/arm-none-eabi/12.2.1/../../../../arm-none-eabi/lib/thumb/v7e-m+fp/hard/libc.a(libc_a-exit.o) (__call_exitprocs)
/users7/cse/qmatthews/source/ArmGNUAssemblyWorkspace/arm-gnu-toolchain-12.2.rel1-x86_64-arm-none-eabi/bin/../lib/gcc/arm-none-eabi/12.2.1/../../../../arm-none-eabi/lib/thumb/v7e-m+fp/hard/libc.a(libc_a-memset.o)
                              /users7/cse/qmatthews/source/ArmGNUAssemblyWorkspace/arm-gnu-toolchain-12.2.rel1-x86_64-arm-none-eabi/bin/../lib/gcc/arm-none-eabi/12.2.1/../../../../arm-none-eabi/lib/thumb/v7e-m+fp/hard/crt0.o (memset)
[...]
Memory Configuration

Name             Origin             Length             Attributes
ROM              0x0000000008000000 0x0000000000200000 xr
RAM              0x0000000020000000 0x0000000000030000 xrw
CCM              0x0000000010000000 0x0000000000010000 xrw
*default*        0x0000000000000000 0xffffffffffffffff

Linker script and memory map

LOAD /users7/cse/qmatthews/source/ArmGNUAssemblyWorkspace/arm-gnu-toolchain-12.2.rel1-x86_64-arm-none-eabi/bin/../lib/gcc/arm-none-eabi/12.2.1/thumb/v7e-m+fp/hard/crti.o
LOAD /users7/cse/qmatthews/source/ArmGNUAssemblyWorkspace/arm-gnu-toolchain-12.2.rel1-x86_64-arm-none-eabi/bin/../lib/gcc/arm-none-eabi/12.2.1/thumb/v7e-m+fp/hard/crtbegin.o
LOAD /users7/cse/qmatthews/source/ArmGNUAssemblyWorkspace/arm-gnu-toolchain-12.2.rel1-x86_64-arm-none-eabi/bin/../lib/gcc/arm-none-eabi/12.2.1/../../../../arm-none-eabi/lib/thumb/v7e-m+fp/hard/crt0.o
LOAD obj/Lab05-Part2Main-c.o
LOAD obj/Lab05-Part2CPUID-s.o
LOAD library.a
LOAD library.a
LOAD /users7/cse/qmatthews/source/ArmGNUAssemblyWorkspace/arm-gnu-toolchain-12.2.rel1-x86_64-arm-none-eabi/bin/../lib/gcc/arm-none-eabi/12.2.1/../../../../arm-none-eabi/lib/thumb/v7e-m+fp/hard/libm.a
LOAD /users7/cse/qmatthews/source/ArmGNUAssemblyWorkspace/arm-gnu-toolchain-12.2.rel1-x86_64-arm-none-eabi/bin/../lib/gcc/arm-none-eabi/12.2.1/../../../../arm-none-eabi/lib/thumb/v7e-m+fp/hard/libc.a
LOAD /users7/cse/qmatthews/source/ArmGNUAssemblyWorkspace/arm-gnu-toolchain-12.2.rel1-x86_64-arm-none-eabi/bin/../lib/gcc/arm-none-eabi/12.2.1/../../../../arm-none-eabi/lib/thumb/v7e-m+fp/hard/libnosys.a
LOAD /users7/cse/qmatthews/source/ArmGNUAssemblyWorkspace/arm-gnu-toolchain-12.2.rel1-x86_64-arm-none-eabi/bin/../lib/gcc/arm-none-eabi/12.2.1/../../../../arm-none-eabi/lib/thumb/v7e-m+fp/hard/libc.a
START GROUP
LOAD /users7/cse/qmatthews/source/ArmGNUAssemblyWorkspace/arm-gnu-toolchain-12.2.rel1-x86_64-arm-none-eabi/bin/../lib/gcc/arm-none-eabi/12.2.1/thumb/v7e-m+fp/hard/libgcc.a
LOAD /users7/cse/qmatthews/source/ArmGNUAssemblyWorkspace/arm-gnu-toolchain-12.2.rel1-x86_64-arm-none-eabi/bin/../lib/gcc/arm-none-eabi/12.2.1/../../../../arm-none-eabi/lib/thumb/v7e-m+fp/hard/libc.a
END GROUP
LOAD /users7/cse/qmatthews/source/ArmGNUAssemblyWorkspace/arm-gnu-toolchain-12.2.rel1-x86_64-arm-none-eabi/bin/../lib/gcc/arm-none-eabi/12.2.1/thumb/v7e-m+fp/hard/crtend.o
LOAD /users7/cse/qmatthews/source/ArmGNUAssemblyWorkspace/arm-gnu-toolchain-12.2.rel1-x86_64-arm-none-eabi/bin/../lib/gcc/arm-none-eabi/12.2.1/thumb/v7e-m+fp/hard/crtn.o

.text           0x0000000008000000    0x102bc
 *(.isr_vector)
 .isr_vector    0x0000000008000000      0x1ac library.a(startup_stm32f429xx.o)
                0x0000000008000000                __isr_vector
 *(.text*)
 .text.deregister_tm_clones
                0x00000000080001ac       0x1c /users7/cse/qmatthews/source/ArmGNUAssemblyWorkspace/arm-gnu-toolchain-12.2.rel1-x86_64-arm-none-eabi/bin/../lib/gcc/arm-none-eabi/12.2.1/thumb/v7e-m+fp/hard/crtbegin.o
 .text.register_tm_clones
                0x00000000080001c8       0x24 /users7/cse/qmatthews/source/ArmGNUAssemblyWorkspace/arm-gnu-toolchain-12.2.rel1-x86_64-arm-none-eabi/bin/../lib/gcc/arm-none-eabi/12.2.1/thumb/v7e-m+fp/hard/crtbegin.o
 .text.__do_global_dtors_aux
                0x00000000080001ec       0x28 /users7/cse/qmatthews/source/ArmGNUAssemblyWorkspace/arm-gnu-toolchain-12.2.rel1-x86_64-arm-none-eabi/bin/../lib/gcc/arm-none-eabi/12.2.1/thumb/v7e-m+fp/hard/crtbegin.o
 .text.frame_dummy
                0x0000000008000214       0x24 /users7/cse/qmatthews/source/ArmGNUAssemblyWorkspace/arm-gnu-toolchain-12.2.rel1-x86_64-arm-none-eabi/bin/../lib/gcc/arm-none-eabi/12.2.1/thumb/v7e-m+fp/hard/crtbegin.o
 .text          0x0000000008000238       0x7c /users7/cse/qmatthews/source/ArmGNUAssemblyWorkspace/arm-gnu-toolchain-12.2.rel1-x86_64-arm-none-eabi/bin/../lib/gcc/arm-none-eabi/12.2.1/../../../../arm-none-eabi/lib/thumb/v7e-m+fp/hard/crt0.o
                0x0000000008000238                _stack_init
                0x0000000008000240                _mainCRTStartup
                0x0000000008000240                _start
 .text.startup.main
                0x00000000080002b4       0x24 obj/Lab05-Part2Main-c.o
                0x00000000080002b4                main
 .text          0x00000000080002d8        0xc obj/Lab05-Part2CPUID-s.o
                0x00000000080002d8                func
 .text.TextRows
                0x00000000080002e4       0x12 library.a(initialize.o)
 .text._close   0x00000000080002f6        0x2 library.a(initialize.o)
                0x00000000080002f6                _close
 .text._fstat   0x00000000080002f8        0x2 library.a(initialize.o)
                0x00000000080002f8                _fstat
 .text._getpid  0x00000000080002fa        0x2 library.a(initialize.o)
                0x00000000080002fa                _getpid
 .text._isatty  0x00000000080002fc        0x2 library.a(initialize.o)
                0x00000000080002fc                _isatty
 .text._kill    0x00000000080002fe        0x2 library.a(initialize.o)
                0x00000000080002fe                _kill
 .text._lseek   0x0000000008000300        0x2 library.a(initialize.o)
                0x0000000008000300                _lseek
 .text._read    0x0000000008000302        0x2 library.a(initialize.o)
                0x0000000008000302                _read
 .text.ClearDisplay
                0x0000000008000304       0x34 library.a(initialize.o)
                0x0000000008000304                ClearDisplay
 .text.DisplayHeader
                0x0000000008000338       0x7c library.a(initialize.o)
                0x0000000008000338                DisplayHeader
 .text.DisplayFooter
                0x00000000080003b4       0x58 library.a(initialize.o)
                0x00000000080003b4                DisplayFooter
 .text._write   0x000000000800040c      0x104 library.a(initialize.o)
                0x000000000800040c                _write
 .text.InitializeHardware
                0x0000000008000510      0x124 library.a(initialize.o)
                0x0000000008000510                InitializeHardware
 .text.WaitForPushButton
                0x0000000008000634       0x18 library.a(initialize.o)
                0x0000000008000634                WaitForPushButton
 .text.SPIx_Init
                0x000000000800064c       0x98 library.a(stm32f429i_discovery.o)
 .text.SPIx_Write
                0x00000000080006e4       0x30 library.a(stm32f429i_discovery.o)
 .text.BSP_PB_Init
                0x0000000008000714       0x70 library.a(stm32f429i_discovery.o)
                0x0000000008000714                BSP_PB_Init
 .text.BSP_PB_GetState
                0x0000000008000784       0x14 library.a(stm32f429i_discovery.o)
                0x0000000008000784                BSP_PB_GetState
 .text.LCD_IO_Init
                0x0000000008000798       0xb0 library.a(stm32f429i_discovery.o)
                0x0000000008000798                LCD_IO_Init
 .text.LCD_IO_WriteData
                0x0000000008000848       0x38 library.a(stm32f429i_discovery.o)
                0x0000000008000848                LCD_IO_WriteData
 .text.LCD_IO_WriteReg
                0x0000000008000880       0x38 library.a(stm32f429i_discovery.o)
                0x0000000008000880                LCD_IO_WriteReg
 .text.LCD_IO_ReadData
                0x00000000080008b8       0x6c library.a(stm32f429i_discovery.o)
                0x00000000080008b8                LCD_IO_ReadData
 .text.LCD_Delay
                0x0000000008000924        0x4 library.a(stm32f429i_discovery.o)
                0x0000000008000924                LCD_Delay
 .text.FillBuffer
                0x0000000008000928       0x64 library.a(stm32f429i_discovery_lcd.o)
 .text.BSP_LCD_GetXSize
                0x000000000800098c       0x10 library.a(stm32f429i_discovery_lcd.o)
                0x000000000800098c                BSP_LCD_GetXSize
 .text.BSP_LCD_GetYSize
                0x000000000800099c       0x10 library.a(stm32f429i_discovery_lcd.o)
                0x000000000800099c                BSP_LCD_GetYSize
 .text.BSP_LCD_LayerDefaultInit
                0x00000000080009ac       0x7c library.a(stm32f429i_discovery_lcd.o)
                0x00000000080009ac                BSP_LCD_LayerDefaultInit
 .text.BSP_LCD_SelectLayer
                0x0000000008000a28        0xc library.a(stm32f429i_discovery_lcd.o)
                0x0000000008000a28                BSP_LCD_SelectLayer
 .text.BSP_LCD_GetTextColor
                0x0000000008000a34       0x18 library.a(stm32f429i_discovery_lcd.o)
                0x0000000008000a34                BSP_LCD_GetTextColor
 .text.BSP_LCD_GetBackColor
                0x0000000008000a4c       0x18 library.a(stm32f429i_discovery_lcd.o)
                0x0000000008000a4c                BSP_LCD_GetBackColor
 .text.BSP_LCD_SetTextColor
                0x0000000008000a64       0x18 library.a(stm32f429i_discovery_lcd.o)
                0x0000000008000a64                BSP_LCD_SetTextColor
 .text.BSP_LCD_SetBackColor
                0x0000000008000a7c       0x18 library.a(stm32f429i_discovery_lcd.o)
                0x0000000008000a7c                BSP_LCD_SetBackColor
 .text.BSP_LCD_SetFont
                0x0000000008000a94       0x18 library.a(stm32f429i_discovery_lcd.o)
                0x0000000008000a94                BSP_LCD_SetFont
 .text.BSP_LCD_Init
                0x0000000008000aac      0x1bc library.a(stm32f429i_discovery_lcd.o)
                0x0000000008000aac                BSP_LCD_Init
 .text.BSP_LCD_GetFont
                0x0000000008000c68       0x18 library.a(stm32f429i_discovery_lcd.o)
                0x0000000008000c68                BSP_LCD_GetFont
 .text.BSP_LCD_Clear
                0x0000000008000c80       0x40 library.a(stm32f429i_discovery_lcd.o)
                0x0000000008000c80                BSP_LCD_Clear
 .text.BSP_LCD_DrawHLine
                0x0000000008000cc0       0x50 library.a(stm32f429i_discovery_lcd.o)
                0x0000000008000cc0                BSP_LCD_DrawHLine
 .text.BSP_LCD_DrawVLine
                0x0000000008000d10       0x5c library.a(stm32f429i_discovery_lcd.o)
                0x0000000008000d10                BSP_LCD_DrawVLine
 .text.BSP_LCD_DrawRect
                0x0000000008000d6c       0x34 library.a(stm32f429i_discovery_lcd.o)
                0x0000000008000d6c                BSP_LCD_DrawRect
 .text.BSP_LCD_FillRect
                0x0000000008000da0       0x78 library.a(stm32f429i_discovery_lcd.o)
                0x0000000008000da0                BSP_LCD_FillRect
 .text.BSP_LCD_DisplayOn
                0x0000000008000e18       0x10 library.a(stm32f429i_discovery_lcd.o)
                0x0000000008000e18                BSP_LCD_DisplayOn
 .text.BSP_LCD_DrawPixel
                0x0000000008000e28       0x2c library.a(stm32f429i_discovery_lcd.o)
                0x0000000008000e28                BSP_LCD_DrawPixel
 .text.BSP_LCD_DisplayChar
                0x0000000008000e54       0xd4 library.a(stm32f429i_discovery_lcd.o)
                0x0000000008000e54                BSP_LCD_DisplayChar
 .text.BSP_LCD_DisplayStringAt
                0x0000000008000f28       0x9c library.a(stm32f429i_discovery_lcd.o)
                0x0000000008000f28                BSP_LCD_DisplayStringAt
 .text.BSP_SDRAM_Initialization_sequence
                0x0000000008000fc4       0x94 library.a(stm32f429i_discovery_sdram.o)
                0x0000000008000fc4                BSP_SDRAM_Initialization_sequence
 .text.BSP_SDRAM_Init
                0x0000000008001058      0x1c8 library.a(stm32f429i_discovery_sdram.o)
                0x0000000008001058                BSP_SDRAM_Init
 .text.HAL_MspInit
                0x0000000008001220        0x2 library.a(stm32f4xx_hal.o)
                0x0000000008001220                HAL_MspInit
 .text.HAL_InitTick
                0x0000000008001222       0x28 library.a(stm32f4xx_hal.o)
                0x0000000008001222                HAL_InitTick
 *fill*         0x000000000800124a        0x2 
 .text.HAL_Init
                0x000000000800124c       0x34 library.a(stm32f4xx_hal.o)
                0x000000000800124c                HAL_Init
 .text.HAL_IncTick
                0x0000000008001280       0x10 library.a(stm32f4xx_hal.o)
                0x0000000008001280                HAL_IncTick
 .text.HAL_GetTick
                0x0000000008001290        0xc library.a(stm32f4xx_hal.o)
                0x0000000008001290                HAL_GetTick
 .text.HAL_Delay
                0x000000000800129c       0x1a library.a(stm32f4xx_hal.o)
                0x000000000800129c                HAL_Delay
 *fill*         0x00000000080012b6        0x2 
 .text.HAL_NVIC_SetPriorityGrouping
                0x00000000080012b8       0x24 library.a(stm32f4xx_hal_cortex.o)
                0x00000000080012b8                HAL_NVIC_SetPriorityGrouping
 .text.HAL_NVIC_SetPriority
                0x00000000080012dc       0x64 library.a(stm32f4xx_hal_cortex.o)
                0x00000000080012dc                HAL_NVIC_SetPriority
 .text.HAL_NVIC_EnableIRQ
                0x0000000008001340       0x18 library.a(stm32f4xx_hal_cortex.o)
                0x0000000008001340                HAL_NVIC_EnableIRQ
 .text.HAL_SYSTICK_Config
                0x0000000008001358       0x28 library.a(stm32f4xx_hal_cortex.o)
                0x0000000008001358                HAL_SYSTICK_Config
 .text.HAL_DMA_Init
                0x0000000008001380       0x78 library.a(stm32f4xx_hal_dma.o)
                0x0000000008001380                HAL_DMA_Init
 .text.HAL_DMA_DeInit
                0x00000000080013f8      0xacc library.a(stm32f4xx_hal_dma.o)
                0x00000000080013f8                HAL_DMA_DeInit
 .text.DMA2D_SetConfig
                0x0000000008001ec4       0x80 library.a(stm32f4xx_hal_dma2d.o)
 .text.HAL_DMA2D_MspInit
                0x0000000008001f44        0x2 library.a(stm32f4xx_hal_dma2d.o)
                0x0000000008001f44                HAL_DMA2D_MspInit
 .text.HAL_DMA2D_Init
                0x0000000008001f46       0x5c library.a(stm32f4xx_hal_dma2d.o)
                0x0000000008001f46                HAL_DMA2D_Init
 .text.HAL_DMA2D_Start
                0x0000000008001fa2       0x40 library.a(stm32f4xx_hal_dma2d.o)
                0x0000000008001fa2                HAL_DMA2D_Start
 .text.HAL_DMA2D_PollForTransfer
                0x0000000008001fe2       0xc4 library.a(stm32f4xx_hal_dma2d.o)
                0x0000000008001fe2                HAL_DMA2D_PollForTransfer
 *fill*         0x00000000080020a6        0x2 
 .text.HAL_DMA2D_ConfigLayer
                0x00000000080020a8       0xdc library.a(stm32f4xx_hal_dma2d.o)
                0x00000000080020a8                HAL_DMA2D_ConfigLayer
 .text.HAL_GPIO_Init
                0x0000000008002184      0x1d0 library.a(stm32f4xx_hal_gpio.o)
                0x0000000008002184                HAL_GPIO_Init
 .text.HAL_GPIO_ReadPin
                0x0000000008002354        0xc library.a(stm32f4xx_hal_gpio.o)
                0x0000000008002354                HAL_GPIO_ReadPin
 .text.HAL_GPIO_WritePin
                0x0000000008002360        0xa library.a(stm32f4xx_hal_gpio.o)
                0x0000000008002360                HAL_GPIO_WritePin
 *fill*         0x000000000800236a        0x2 
 .text.LTDC_SetConfig
                0x000000000800236c      0x144 library.a(stm32f4xx_hal_ltdc.o)
 .text.HAL_LTDC_MspInit
                0x00000000080024b0        0x2 library.a(stm32f4xx_hal_ltdc.o)
                0x00000000080024b0                HAL_LTDC_MspInit
 *fill*         0x00000000080024b2        0x2 
 .text.HAL_LTDC_Init
                0x00000000080024b4       0xfc library.a(stm32f4xx_hal_ltdc.o)
                0x00000000080024b4                HAL_LTDC_Init
 .text.HAL_LTDC_ConfigLayer
                0x00000000080025b0       0x5c library.a(stm32f4xx_hal_ltdc.o)
                0x00000000080025b0                HAL_LTDC_ConfigLayer
 .text.HAL_LTDC_EnableDither
                0x000000000800260c       0x34 library.a(stm32f4xx_hal_ltdc.o)
                0x000000000800260c                HAL_LTDC_EnableDither
 .text.HAL_RCC_OscConfig
                0x0000000008002640      0x330 library.a(stm32f4xx_hal_rcc.o)
                0x0000000008002640                HAL_RCC_OscConfig
 .text.HAL_RCC_ClockConfig
                0x0000000008002970      0x1f8 library.a(stm32f4xx_hal_rcc.o)
                0x0000000008002970                HAL_RCC_ClockConfig
 .text.HAL_RCC_GetSysClockFreq
                0x0000000008002b68       0x78 library.a(stm32f4xx_hal_rcc.o)
                0x0000000008002b68                HAL_RCC_GetSysClockFreq
 .text.HAL_RCC_GetHCLKFreq
                0x0000000008002be0       0x38 library.a(stm32f4xx_hal_rcc.o)
                0x0000000008002be0                HAL_RCC_GetHCLKFreq
 .text.HAL_RCCEx_PeriphCLKConfig
                0x0000000008002c18      0x2d8 library.a(stm32f4xx_hal_rcc_ex.o)
                0x0000000008002c18                HAL_RCCEx_PeriphCLKConfig
 .text.HAL_SDRAM_MspInit
                0x0000000008002ef0        0x2 library.a(stm32f4xx_hal_sdram.o)
                0x0000000008002ef0                HAL_SDRAM_MspInit
 .text.HAL_SDRAM_Init
                0x0000000008002ef2       0x40 library.a(stm32f4xx_hal_sdram.o)
                0x0000000008002ef2                HAL_SDRAM_Init
 .text.HAL_SDRAM_SendCommand
                0x0000000008002f32       0x2e library.a(stm32f4xx_hal_sdram.o)
                0x0000000008002f32                HAL_SDRAM_SendCommand
 .text.HAL_SDRAM_ProgramRefreshRate
                0x0000000008002f60       0x24 library.a(stm32f4xx_hal_sdram.o)
                0x0000000008002f60                HAL_SDRAM_ProgramRefreshRate
 .text.SPI_WaitOnFlagUntilTimeout
                0x0000000008002f84       0x94 library.a(stm32f4xx_hal_spi.o)
 .text.HAL_SPI_MspInit
                0x0000000008003018        0x2 library.a(stm32f4xx_hal_spi.o)
                0x0000000008003018                HAL_SPI_MspInit
 .text.HAL_SPI_Init
                0x000000000800301a       0x82 library.a(stm32f4xx_hal_spi.o)
                0x000000000800301a                HAL_SPI_Init
 .text.HAL_SPI_MspDeInit
                0x000000000800309c        0x2 library.a(stm32f4xx_hal_spi.o)
                0x000000000800309c                HAL_SPI_MspDeInit
 .text.HAL_SPI_DeInit
                0x000000000800309e       0x26 library.a(stm32f4xx_hal_spi.o)
                0x000000000800309e                HAL_SPI_DeInit
 .text.HAL_SPI_Transmit
                0x00000000080030c4      0x164 library.a(stm32f4xx_hal_spi.o)
                0x00000000080030c4                HAL_SPI_Transmit
 .text.HAL_SPI_TransmitReceive
                0x0000000008003228      0x2c2 library.a(stm32f4xx_hal_spi.o)
                0x0000000008003228                HAL_SPI_TransmitReceive
 .text.HAL_SPI_Receive
                0x00000000080034ea      0x1d2 library.a(stm32f4xx_hal_spi.o)
                0x00000000080034ea                HAL_SPI_Receive
 .text.HAL_SPI_GetState
                0x00000000080036bc        0x6 library.a(stm32f4xx_hal_spi.o)
                0x00000000080036bc                HAL_SPI_GetState
 .text.NMI_Handler
                0x00000000080036c2        0x2 library.a(stm32f4xx_it.o)
                0x00000000080036c2                NMI_Handler
 .text.SVC_Handler
                0x00000000080036c4       0x20 library.a(stm32f4xx_it.o)
                0x00000000080036c4                SVC_Handler
 .text.DebugMon_Handler
                0x00000000080036e4        0x2 library.a(stm32f4xx_it.o)
                0x00000000080036e4                DebugMon_Handler
 .text.PendSV_Handler
                0x00000000080036e6        0x2 library.a(stm32f4xx_it.o)
                0x00000000080036e6                PendSV_Handler
 .text.SysTick_Handler
                0x00000000080036e8        0x4 library.a(stm32f4xx_it.o)
                0x00000000080036e8                SysTick_Handler
 .text.FMC_SDRAM_Init
                0x00000000080036ec       0x68 library.a(stm32f4xx_ll_fmc.o)
                0x00000000080036ec                FMC_SDRAM_Init
 .text.FMC_SDRAM_Timing_Init
                0x0000000008003754       0x72 library.a(stm32f4xx_ll_fmc.o)
                0x0000000008003754                FMC_SDRAM_Timing_Init
 .text.FMC_SDRAM_SendCommand
                0x00000000080037c6       0x50 library.a(stm32f4xx_ll_fmc.o)
                0x00000000080037c6                FMC_SDRAM_SendCommand
 .text.FMC_SDRAM_ProgramRefreshRate
                0x0000000008003816        0xc library.a(stm32f4xx_ll_fmc.o)
                0x0000000008003816                FMC_SDRAM_ProgramRefreshRate
 *fill*         0x0000000008003822        0x2 
 .text.SVC_Label
                0x0000000008003824       0x58 library.a(svcHandler.o)
 .text.Preserve
                0x000000000800387c       0xa8 library.a(svcHandler.o)
 .text.HardStopHandler
                0x0000000008003924       0x94 library.a(svcHandler.o)
 .text.F32      0x00000000080039b8       0xc0 library.a(svcHandler.o)
 .text.Restore  0x0000000008003a78       0x5c library.a(svcHandler.o)
 .text.FlPtRegs
                0x0000000008003ad4       0x9c library.a(svcHandler.o)
 .text._MemManageHandler
                0x0000000008003b70       0x10 library.a(svcHandler.o)
                0x0000000008003b70                _MemManageHandler
 .text.MemManage_Handler
                0x0000000008003b80        0xc library.a(svcHandler.o)
                0x0000000008003b80                MemManage_Handler
 .text._BusFault_Handler
                0x0000000008003b8c       0x10 library.a(svcHandler.o)
                0x0000000008003b8c                _BusFault_Handler
 .text.BusFault_Handler
                0x0000000008003b9c        0xc library.a(svcHandler.o)
                0x0000000008003b9c                BusFault_Handler
 .text._HardFault_Handler
                0x0000000008003ba8       0x10 library.a(svcHandler.o)
                0x0000000008003ba8                _HardFault_Handler
 .text.HardFault_Handler
                0x0000000008003bb8        0xc library.a(svcHandler.o)
                0x0000000008003bb8                HardFault_Handler
 .text._UsageFault_Handler
                0x0000000008003bc4       0x5c library.a(svcHandler.o)
                0x0000000008003bc4                _UsageFault_Handler
 .text.UsageFault_Handler
                0x0000000008003c20        0xc library.a(svcHandler.o)
                0x0000000008003c20                UsageFault_Handler
 .text.SVC_Exception
                0x0000000008003c2c       0xd8 library.a(svcHandler.o)
                0x0000000008003c2c                SVC_Exception
 .text.SystemInit
                0x0000000008003d04       0x4c library.a(system_stm32f4xx.o)
                0x0000000008003d04                SystemInit
 .text          0x0000000008003d50      0x118 library.a(startup_stm32f429xx.o)
                0x0000000008003d50                Reset_Handler
                0x0000000008003da8                Default_Handler
                0x0000000008003daa                WWDG_IRQHandler
                0x0000000008003dac                PVD_IRQHandler
                0x0000000008003dae                TAMP_STAMP_IRQHandler
                0x0000000008003db0                RTC_WKUP_IRQHandler
                0x0000000008003db2                FLASH_IRQHandler
                0x0000000008003db4                RCC_IRQHandler
                0x0000000008003db6                EXTI0_IRQHandler
                0x0000000008003db8                EXTI1_IRQHandler
                0x0000000008003dba                EXTI2_IRQHandler
                0x0000000008003dbc                EXTI3_IRQHandler
                0x0000000008003dbe                EXTI4_IRQHandler
                0x0000000008003dc0                DMA1_Stream0_IRQHandler
                0x0000000008003dc2                DMA1_Stream1_IRQHandler
                0x0000000008003dc4                DMA1_Stream2_IRQHandler
                0x0000000008003dc6                DMA1_Stream3_IRQHandler
                0x0000000008003dc8                DMA1_Stream4_IRQHandler
                0x0000000008003dca                DMA1_Stream5_IRQHandler
                0x0000000008003dcc                DMA1_Stream6_IRQHandler
                0x0000000008003dce                ADC_IRQHandler
                0x0000000008003dd0                CAN1_TX_IRQHandler
                0x0000000008003dd2                CAN1_RX0_IRQHandler
                0x0000000008003dd4                CAN1_RX1_IRQHandler
                0x0000000008003dd6                CAN1_SCE_IRQHandler
                0x0000000008003dd8                EXTI9_5_IRQHandler
                0x0000000008003dda                TIM1_BRK_TIM9_IRQHandler
                0x0000000008003ddc                TIM1_UP_TIM10_IRQHandler
                0x0000000008003dde                TIM1_TRG_COM_TIM11_IRQHandler
                0x0000000008003de0                TIM1_CC_IRQHandler
                0x0000000008003de2                TIM2_IRQHandler
                0x0000000008003de4                TIM3_IRQHandler
                0x0000000008003de6                TIM4_IRQHandler
                0x0000000008003de8                I2C1_EV_IRQHandler
                0x0000000008003dea                I2C1_ER_IRQHandler
                0x0000000008003dec                I2C2_EV_IRQHandler
                0x0000000008003dee                I2C2_ER_IRQHandler
                0x0000000008003df0                SPI1_IRQHandler
                0x0000000008003df2                SPI2_IRQHandler
                0x0000000008003df4                USART1_IRQHandler
                0x0000000008003df6                USART2_IRQHandler
                0x0000000008003df8                USART3_IRQHandler
                0x0000000008003dfa                EXTI15_10_IRQHandler
                0x0000000008003dfc                RTC_Alarm_IRQHandler
                0x0000000008003dfe                OTG_FS_WKUP_IRQHandler
                0x0000000008003e00                TIM8_BRK_TIM12_IRQHandler
                0x0000000008003e02                TIM8_UP_TIM13_IRQHandler
                0x0000000008003e04                TIM8_TRG_COM_TIM14_IRQHandler
                0x0000000008003e06                TIM8_CC_IRQHandler
                0x0000000008003e08                DMA1_Stream7_IRQHandler
                0x0000000008003e0a                FSMC_IRQHandler
                0x0000000008003e0c                SDIO_IRQHandler
                0x0000000008003e0e                TIM5_IRQHandler
                0x0000000008003e10                SPI3_IRQHandler
                0x0000000008003e12                UART4_IRQHandler
                0x0000000008003e14                UART5_IRQHandler
                0x0000000008003e16                TIM6_DAC_IRQHandler
                0x0000000008003e18                TIM7_IRQHandler
                0x0000000008003e1a                DMA2_Stream0_IRQHandler
                0x0000000008003e1c                DMA2_Stream1_IRQHandler
                0x0000000008003e1e                DMA2_Stream2_IRQHandler
                0x0000000008003e20                DMA2_Stream3_IRQHandler
                0x0000000008003e22                DMA2_Stream4_IRQHandler
                0x0000000008003e24                ETH_IRQHandler
                0x0000000008003e26                ETH_WKUP_IRQHandler
                0x0000000008003e28                CAN2_TX_IRQHandler
                0x0000000008003e2a                CAN2_RX0_IRQHandler
                0x0000000008003e2c                CAN2_RX1_IRQHandler
                0x0000000008003e2e                CAN2_SCE_IRQHandler
                0x0000000008003e30                OTG_FS_IRQHandler
                0x0000000008003e32                DMA2_Stream5_IRQHandler
                0x0000000008003e34                DMA2_Stream6_IRQHandler
                0x0000000008003e36                DMA2_Stream7_IRQHandler
                0x0000000008003e38                USART6_IRQHandler
                0x0000000008003e3a                I2C3_EV_IRQHandler
                0x0000000008003e3c                I2C3_ER_IRQHandler
                0x0000000008003e3e                OTG_HS_EP1_OUT_IRQHandler
                0x0000000008003e40                OTG_HS_EP1_IN_IRQHandler
                0x0000000008003e42                OTG_HS_WKUP_IRQHandler
                0x0000000008003e44                OTG_HS_IRQHandler
                0x0000000008003e46                DCMI_IRQHandler
                0x0000000008003e48                CRYP_IRQHandler
                0x0000000008003e4a                HASH_RNG_IRQHandler
                0x0000000008003e4c                FPU_IRQHandler
                0x0000000008003e4e                UART7_IRQHandler
                0x0000000008003e50                UART8_IRQHandler
                0x0000000008003e52                SPI4_IRQHandler
                0x0000000008003e54                SPI5_IRQHandler
                0x0000000008003e56                SPI6_IRQHandler
                0x0000000008003e58                SAI1_IRQHandler
                0x0000000008003e5a                LTDC_IRQHandler
                0x0000000008003e5c                LTDC_ER_IRQHandler
                0x0000000008003e5e                DMA2D_IRQHandler
 .text.ili9341_GetLcdPixelWidth
                0x0000000008003e68        0x4 library.a(ili9341.o)
                0x0000000008003e68                ili9341_GetLcdPixelWidth
 .text.ili9341_GetLcdPixelHeight
                0x0000000008003e6c        0x6 library.a(ili9341.o)
                0x0000000008003e6c                ili9341_GetLcdPixelHeight
 .text.ili9341_DisplayOn
                0x0000000008003e72        0x6 library.a(ili9341.o)
                0x0000000008003e72                ili9341_DisplayOn
 .text.ili9341_DisplayOff
                0x0000000008003e78        0x6 library.a(ili9341.o)
                0x0000000008003e78                ili9341_DisplayOff
 .text.ili9341_Init
                0x0000000008003e7e      0x292 library.a(ili9341.o)
                0x0000000008003e7e                ili9341_Init
 .text.ili9341_ReadID
                0x0000000008004110       0x12 library.a(ili9341.o)
                0x0000000008004110                ili9341_ReadID
 *fill*         0x0000000008004122        0x2 
 .text.exit     0x0000000008004124       0x1c /users7/cse/qmatthews/source/ArmGNUAssemblyWorkspace/arm-gnu-toolchain-12.2.rel1-x86_64-arm-none-eabi/bin/../lib/gcc/arm-none-eabi/12.2.1/../../../../arm-none-eabi/lib/thumb/v7e-m+fp/hard/libc.a(libc_a-exit.o)
                0x0000000008004124                exit
 .text.sprintf  0x0000000008004140       0x40 /users7/cse/qmatthews/source/ArmGNUAssemblyWorkspace/arm-gnu-toolchain-12.2.rel1-x86_64-arm-none-eabi/bin/../lib/gcc/arm-none-eabi/12.2.1/../../../../arm-none-eabi/lib/thumb/v7e-m+fp/hard/libc.a(libc_a-sprintf.o)
                0x0000000008004140                sprintf
 .text._svfprintf_r
                0x0000000008004180     0x1c3c /users7/cse/qmatthews/source/ArmGNUAssemblyWorkspace/arm-gnu-toolchain-12.2.rel1-x86_64-arm-none-eabi/bin/../lib/gcc/arm-none-eabi/12.2.1/../../../../arm-none-eabi/lib/thumb/v7e-m+fp/hard/libc.a(libc_a-svfprintf.o)
                0x0000000008004180                _svfprintf_r
 .text._malloc_r
                0x0000000008005dbc      0x55c /users7/cse/qmatthews/source/ArmGNUAssemblyWorkspace/arm-gnu-toolchain-12.2.rel1-x86_64-arm-none-eabi/bin/../lib/gcc/arm-none-eabi/12.2.1/../../../../arm-none-eabi/lib/thumb/v7e-m+fp/hard/libc.a(libc_a-mallocr.o)
                0x0000000008005dbc                _malloc_r
 .text.startup.register_fini
                0x0000000008006318       0x14 /users7/cse/qmatthews/source/ArmGNUAssemblyWorkspace/arm-gnu-toolchain-12.2.rel1-x86_64-arm-none-eabi/bin/../lib/gcc/arm-none-eabi/12.2.1/../../../../arm-none-eabi/lib/thumb/v7e-m+fp/hard/libc.a(libc_a-__call_atexit.o)
 .text.__call_exitprocs
                0x000000000800632c       0xc4 /users7/cse/qmatthews/source/ArmGNUAssemblyWorkspace/arm-gnu-toolchain-12.2.rel1-x86_64-arm-none-eabi/bin/../lib/gcc/arm-none-eabi/12.2.1/../../../../arm-none-eabi/lib/thumb/v7e-m+fp/hard/libc.a(libc_a-__call_atexit.o)
                0x000000000800632c                __call_exitprocs
 .text.memset   0x00000000080063f0       0xa4 /users7/cse/qmatthews/source/ArmGNUAssemblyWorkspace/arm-gnu-toolchain-12.2.rel1-x86_64-arm-none-eabi/bin/../lib/gcc/arm-none-eabi/12.2.1/../../../../arm-none-eabi/lib/thumb/v7e-m+fp/hard/libc.a(libc_a-memset.o)
                0x00000000080063f0                memset
 .text._wcrtomb_r
                0x0000000008006494       0x4c /users7/cse/qmatthews/source/ArmGNUAssemblyWorkspace/arm-gnu-toolchain-12.2.rel1-x86_64-arm-none-eabi/bin/../lib/gcc/arm-none-eabi/12.2.1/../../../../arm-none-eabi/lib/thumb/v7e-m+fp/hard/libc.a(libc_a-wcrtomb.o)
                0x0000000008006494                _wcrtomb_r
 .text.__libc_init_array
                0x00000000080064e0       0x50 /users7/cse/qmatthews/source/ArmGNUAssemblyWorkspace/arm-gnu-toolchain-12.2.rel1-x86_64-arm-none-eabi/bin/../lib/gcc/arm-none-eabi/12.2.1/../../../../arm-none-eabi/lib/thumb/v7e-m+fp/hard/libc.a(libc_a-init.o)
                0x00000000080064e0                __libc_init_array
 .text.__libc_fini_array
                0x0000000008006530       0x28 /users7/cse/qmatthews/source/ArmGNUAssemblyWorkspace/arm-gnu-toolchain-12.2.rel1-x86_64-arm-none-eabi/bin/../lib/gcc/arm-none-eabi/12.2.1/../../../../arm-none-eabi/lib/thumb/v7e-m+fp/hard/libc.a(libc_a-fini.o)
                0x0000000008006530                __libc_fini_array
 .text.__retarget_lock_init_recursive
                0x0000000008006558        0x4 /users7/cse/qmatthews/source/ArmGNUAssemblyWorkspace/arm-gnu-toolchain-12.2.rel1-x86_64-arm-none-eabi/bin/../lib/gcc/arm-none-eabi/12.2.1/../../../../arm-none-eabi/lib/thumb/v7e-m+fp/hard/libc.a(libc_a-lock.o)
                0x0000000008006558                __retarget_lock_init_recursive
 .text.__retarget_lock_close_recursive
                0x000000000800655c        0x4 /users7/cse/qmatthews/source/ArmGNUAssemblyWorkspace/arm-gnu-toolchain-12.2.rel1-x86_64-arm-none-eabi/bin/../lib/gcc/arm-none-eabi/12.2.1/../../../../arm-none-eabi/lib/thumb/v7e-m+fp/hard/libc.a(libc_a-lock.o)
                0x000000000800655c                __retarget_lock_close_recursive
 .text.__retarget_lock_acquire_recursive
                0x0000000008006560        0x4 /users7/cse/qmatthews/source/ArmGNUAssemblyWorkspace/arm-gnu-toolchain-12.2.rel1-x86_64-arm-none-eabi/bin/../lib/gcc/arm-none-eabi/12.2.1/../../../../arm-none-eabi/lib/thumb/v7e-m+fp/hard/libc.a(libc_a-lock.o)
                0x0000000008006560                __retarget_lock_acquire_recursive
 .text.__retarget_lock_release_recursive
                0x0000000008006564        0x4 /users7/cse/qmatthews/source/ArmGNUAssemblyWorkspace/arm-gnu-toolchain-12.2.rel1-x86_64-arm-none-eabi/bin/../lib/gcc/arm-none-eabi/12.2.1/../../../../arm-none-eabi/lib/thumb/v7e-m+fp/hard/libc.a(libc_a-lock.o)
                0x0000000008006564                __retarget_lock_release_recursive
 .text.__locale_mb_cur_max
                0x0000000008006568        0xc /users7/cse/qmatthews/source/ArmGNUAssemblyWorkspace/arm-gnu-toolchain-12.2.rel1-x86_64-arm-none-eabi/bin/../lib/gcc/arm-none-eabi/12.2.1/../../../../arm-none-eabi/lib/thumb/v7e-m+fp/hard/libc.a(libc_a-locale.o)
                0x0000000008006568                __locale_mb_cur_max
 .text._localeconv_r
                0x0000000008006574        0x8 /users7/cse/qmatthews/source/ArmGNUAssemblyWorkspace/arm-gnu-toolchain-12.2.rel1-x86_64-arm-none-eabi/bin/../lib/gcc/arm-none-eabi/12.2.1/../../../../arm-none-eabi/lib/thumb/v7e-m+fp/hard/libc.a(libc_a-localeconv.o)
                0x0000000008006574                _localeconv_r
 .text.sysconf  0x000000000800657c       0x1c /users7/cse/qmatthews/source/ArmGNUAssemblyWorkspace/arm-gnu-toolchain-12.2.rel1-x86_64-arm-none-eabi/bin/../lib/gcc/arm-none-eabi/12.2.1/../../../../arm-none-eabi/lib/thumb/v7e-m+fp/hard/libc.a(libc_a-sysconf.o)
                0x000000000800657c                sysconf
 .text.strcpy   0x0000000008006598       0xbc /users7/cse/qmatthews/source/ArmGNUAssemblyWorkspace/arm-gnu-toolchain-12.2.rel1-x86_64-arm-none-eabi/bin/../lib/gcc/arm-none-eabi/12.2.1/../../../../arm-none-eabi/lib/thumb/v7e-m+fp/hard/libc.a(libc_a-strcpy.o)
                0x0000000008006598                strcpy
 .text.printf   0x0000000008006654       0x28 /users7/cse/qmatthews/source/ArmGNUAssemblyWorkspace/arm-gnu-toolchain-12.2.rel1-x86_64-arm-none-eabi/bin/../lib/gcc/arm-none-eabi/12.2.1/../../../../arm-none-eabi/lib/thumb/v7e-m+fp/hard/libc.a(libc_a-printf.o)
                0x0000000008006654                printf
 .text.__malloc_lock
                0x000000000800667c        0xc /users7/cse/qmatthews/source/ArmGNUAssemblyWorkspace/arm-gnu-toolchain-12.2.rel1-x86_64-arm-none-eabi/bin/../lib/gcc/arm-none-eabi/12.2.1/../../../../arm-none-eabi/lib/thumb/v7e-m+fp/hard/libc.a(libc_a-mlock.o)
                0x000000000800667c                __malloc_lock
 .text.__malloc_unlock
                0x0000000008006688        0xc /users7/cse/qmatthews/source/ArmGNUAssemblyWorkspace/arm-gnu-toolchain-12.2.rel1-x86_64-arm-none-eabi/bin/../lib/gcc/arm-none-eabi/12.2.1/../../../../arm-none-eabi/lib/thumb/v7e-m+fp/hard/libc.a(libc_a-mlock.o)
                0x0000000008006688                __malloc_unlock
 .text.atexit   0x0000000008006694        0xc /users7/cse/qmatthews/source/ArmGNUAssemblyWorkspace/arm-gnu-toolchain-12.2.rel1-x86_64-arm-none-eabi/bin/../lib/gcc/arm-none-eabi/12.2.1/../../../../arm-none-eabi/lib/thumb/v7e-m+fp/hard/libc.a(libc_a-atexit.o)
                0x0000000008006694                atexit
 .text._wcsrtombs_r
                0x00000000080066a0       0x18 /users7/cse/qmatthews/source/ArmGNUAssemblyWorkspace/arm-gnu-toolchain-12.2.rel1-x86_64-arm-none-eabi/bin/../lib/gcc/arm-none-eabi/12.2.1/../../../../arm-none-eabi/lib/thumb/v7e-m+fp/hard/libc.a(libc_a-wcsrtombs.o)
                0x00000000080066a0                _wcsrtombs_r
 .text.quorem   0x00000000080066b8      0x12c /users7/cse/qmatthews/source/ArmGNUAssemblyWorkspace/arm-gnu-toolchain-12.2.rel1-x86_64-arm-none-eabi/bin/../lib/gcc/arm-none-eabi/12.2.1/../../../../arm-none-eabi/lib/thumb/v7e-m+fp/hard/libc.a(libc_a-dtoa.o)
 *fill*         0x00000000080067e4        0x4 
 .text._dtoa_r  0x00000000080067e8      0xec4 /users7/cse/qmatthews/source/ArmGNUAssemblyWorkspace/arm-gnu-toolchain-12.2.rel1-x86_64-arm-none-eabi/bin/../lib/gcc/arm-none-eabi/12.2.1/../../../../arm-none-eabi/lib/thumb/v7e-m+fp/hard/libc.a(libc_a-dtoa.o)
                0x00000000080067e8                _dtoa_r
 .text.stdio_exit_handler
                0x00000000080076ac       0x18 /users7/cse/qmatthews/source/ArmGNUAssemblyWorkspace/arm-gnu-toolchain-12.2.rel1-x86_64-arm-none-eabi/bin/../lib/gcc/arm-none-eabi/12.2.1/../../../../arm-none-eabi/lib/thumb/v7e-m+fp/hard/libc.a(libc_a-findfp.o)
 .text.cleanup_stdio
                0x00000000080076c4       0x40 /users7/cse/qmatthews/source/ArmGNUAssemblyWorkspace/arm-gnu-toolchain-12.2.rel1-x86_64-arm-none-eabi/bin/../lib/gcc/arm-none-eabi/12.2.1/../../../../arm-none-eabi/lib/thumb/v7e-m+fp/hard/libc.a(libc_a-findfp.o)
 .text.global_stdio_init.part.0
                0x0000000008007704       0xf0 /users7/cse/qmatthews/source/ArmGNUAssemblyWorkspace/arm-gnu-toolchain-12.2.rel1-x86_64-arm-none-eabi/bin/../lib/gcc/arm-none-eabi/12.2.1/../../../../arm-none-eabi/lib/thumb/v7e-m+fp/hard/libc.a(libc_a-findfp.o)
 .text.__sinit  0x00000000080077f4       0x3c /users7/cse/qmatthews/source/ArmGNUAssemblyWorkspace/arm-gnu-toolchain-12.2.rel1-x86_64-arm-none-eabi/bin/../lib/gcc/arm-none-eabi/12.2.1/../../../../arm-none-eabi/lib/thumb/v7e-m+fp/hard/libc.a(libc_a-findfp.o)
                0x00000000080077f4                __sinit
 .text.__sfp_lock_acquire
                0x0000000008007830        0xc /users7/cse/qmatthews/source/ArmGNUAssemblyWorkspace/arm-gnu-toolchain-12.2.rel1-x86_64-arm-none-eabi/bin/../lib/gcc/arm-none-eabi/12.2.1/../../../../arm-none-eabi/lib/thumb/v7e-m+fp/hard/libc.a(libc_a-findfp.o)
                0x0000000008007830                __sfp_lock_acquire
 .text.__sfp_lock_release
                0x000000000800783c        0xc /users7/cse/qmatthews/source/ArmGNUAssemblyWorkspace/arm-gnu-toolchain-12.2.rel1-x86_64-arm-none-eabi/bin/../lib/gcc/arm-none-eabi/12.2.1/../../../../arm-none-eabi/lib/thumb/v7e-m+fp/hard/libc.a(libc_a-findfp.o)
                0x000000000800783c                __sfp_lock_release
 *fill*         0x0000000008007848        0x8 
 .text          0x0000000008007850       0xa0 /users7/cse/qmatthews/source/ArmGNUAssemblyWorkspace/arm-gnu-toolchain-12.2.rel1-x86_64-arm-none-eabi/bin/../lib/gcc/arm-none-eabi/12.2.1/../../../../arm-none-eabi/lib/thumb/v7e-m+fp/hard/libc.a(libc_a-memchr.o)
                0x0000000008007850                memchr
 .text          0x00000000080078f0      0x134 /users7/cse/qmatthews/source/ArmGNUAssemblyWorkspace/arm-gnu-toolchain-12.2.rel1-x86_64-arm-none-eabi/bin/../lib/gcc/arm-none-eabi/12.2.1/../../../../arm-none-eabi/lib/thumb/v7e-m+fp/hard/libc.a(libc_a-memcpy.o)
                0x00000000080078f0                memcpy
 *fill*         0x0000000008007a24       0x1c 
 .text          0x0000000008007a40       0xdc /users7/cse/qmatthews/source/ArmGNUAssemblyWorkspace/arm-gnu-toolchain-12.2.rel1-x86_64-arm-none-eabi/bin/../lib/gcc/arm-none-eabi/12.2.1/../../../../arm-none-eabi/lib/thumb/v7e-m+fp/hard/libc.a(libc_a-strlen.o)
                0x0000000008007a40                strlen
 .text.frexp    0x0000000008007b1c       0x68 /users7/cse/qmatthews/source/ArmGNUAssemblyWorkspace/arm-gnu-toolchain-12.2.rel1-x86_64-arm-none-eabi/bin/../lib/gcc/arm-none-eabi/12.2.1/../../../../arm-none-eabi/lib/thumb/v7e-m+fp/hard/libc.a(libm_a-s_frexp.o)
                0x0000000008007b1c                frexp
 .text._malloc_trim_r
                0x0000000008007b84       0xb8 /users7/cse/qmatthews/source/ArmGNUAssemblyWorkspace/arm-gnu-toolchain-12.2.rel1-x86_64-arm-none-eabi/bin/../lib/gcc/arm-none-eabi/12.2.1/../../../../arm-none-eabi/lib/thumb/v7e-m+fp/hard/libc.a(libc_a-freer.o)
                0x0000000008007b84                _malloc_trim_r
 .text._free_r  0x0000000008007c3c      0x204 /users7/cse/qmatthews/source/ArmGNUAssemblyWorkspace/arm-gnu-toolchain-12.2.rel1-x86_64-arm-none-eabi/bin/../lib/gcc/arm-none-eabi/12.2.1/../../../../arm-none-eabi/lib/thumb/v7e-m+fp/hard/libc.a(libc_a-freer.o)
                0x0000000008007c3c                _free_r
 .text.strncpy  0x0000000008007e40       0x68 /users7/cse/qmatthews/source/ArmGNUAssemblyWorkspace/arm-gnu-toolchain-12.2.rel1-x86_64-arm-none-eabi/bin/../lib/gcc/arm-none-eabi/12.2.1/../../../../arm-none-eabi/lib/thumb/v7e-m+fp/hard/libc.a(libc_a-strncpy.o)
                0x0000000008007e40                strncpy
 .text.__sread  0x0000000008007ea8       0x24 /users7/cse/qmatthews/source/ArmGNUAssemblyWorkspace/arm-gnu-toolchain-12.2.rel1-x86_64-arm-none-eabi/bin/../lib/gcc/arm-none-eabi/12.2.1/../../../../arm-none-eabi/lib/thumb/v7e-m+fp/hard/libc.a(libc_a-stdio.o)
                0x0000000008007ea8                __sread
 .text.__swrite
                0x0000000008007ecc       0x40 /users7/cse/qmatthews/source/ArmGNUAssemblyWorkspace/arm-gnu-toolchain-12.2.rel1-x86_64-arm-none-eabi/bin/../lib/gcc/arm-none-eabi/12.2.1/../../../../arm-none-eabi/lib/thumb/v7e-m+fp/hard/libc.a(libc_a-stdio.o)
                0x0000000008007ecc                __swrite
 .text.__sseek  0x0000000008007f0c       0x24 /users7/cse/qmatthews/source/ArmGNUAssemblyWorkspace/arm-gnu-toolchain-12.2.rel1-x86_64-arm-none-eabi/bin/../lib/gcc/arm-none-eabi/12.2.1/../../../../arm-none-eabi/lib/thumb/v7e-m+fp/hard/libc.a(libc_a-stdio.o)
                0x0000000008007f0c                __sseek
 .text.__sclose
                0x0000000008007f30        0x8 /users7/cse/qmatthews/source/ArmGNUAssemblyWorkspace/arm-gnu-toolchain-12.2.rel1-x86_64-arm-none-eabi/bin/../lib/gcc/arm-none-eabi/12.2.1/../../../../arm-none-eabi/lib/thumb/v7e-m+fp/hard/libc.a(libc_a-stdio.o)
                0x0000000008007f30                __sclose
 .text.__ascii_wctomb
                0x0000000008007f38       0x1c /users7/cse/qmatthews/source/ArmGNUAssemblyWorkspace/arm-gnu-toolchain-12.2.rel1-x86_64-arm-none-eabi/bin/../lib/gcc/arm-none-eabi/12.2.1/../../../../arm-none-eabi/lib/thumb/v7e-m+fp/hard/libc.a(libc_a-wctomb_r.o)
                0x0000000008007f38                __ascii_wctomb
 .text._sbrk_r  0x0000000008007f54       0x24 /users7/cse/qmatthews/source/ArmGNUAssemblyWorkspace/arm-gnu-toolchain-12.2.rel1-x86_64-arm-none-eabi/bin/../lib/gcc/arm-none-eabi/12.2.1/../../../../arm-none-eabi/lib/thumb/v7e-m+fp/hard/libc.a(libc_a-sbrkr.o)
                0x0000000008007f54                _sbrk_r
 .text._fwalk_sglue
                0x0000000008007f78       0x48 /users7/cse/qmatthews/source/ArmGNUAssemblyWorkspace/arm-gnu-toolchain-12.2.rel1-x86_64-arm-none-eabi/bin/../lib/gcc/arm-none-eabi/12.2.1/../../../../arm-none-eabi/lib/thumb/v7e-m+fp/hard/libc.a(libc_a-fwalk.o)
                0x0000000008007f78                _fwalk_sglue
 .text._write_r
                0x0000000008007fc0       0x2c /users7/cse/qmatthews/source/ArmGNUAssemblyWorkspace/arm-gnu-toolchain-12.2.rel1-x86_64-arm-none-eabi/bin/../lib/gcc/arm-none-eabi/12.2.1/../../../../arm-none-eabi/lib/thumb/v7e-m+fp/hard/libc.a(libc_a-writer.o)
                0x0000000008007fc0                _write_r
 .text.__errno  0x0000000008007fec        0xc /users7/cse/qmatthews/source/ArmGNUAssemblyWorkspace/arm-gnu-toolchain-12.2.rel1-x86_64-arm-none-eabi/bin/../lib/gcc/arm-none-eabi/12.2.1/../../../../arm-none-eabi/lib/thumb/v7e-m+fp/hard/libc.a(libc_a-errno.o)
                0x0000000008007fec                __errno
 .text.__ssprint_r
                0x0000000008007ff8       0xfc /users7/cse/qmatthews/source/ArmGNUAssemblyWorkspace/arm-gnu-toolchain-12.2.rel1-x86_64-arm-none-eabi/bin/../lib/gcc/arm-none-eabi/12.2.1/../../../../arm-none-eabi/lib/thumb/v7e-m+fp/hard/libc.a(libc_a-svfiprintf.o)
                0x0000000008007ff8                __ssprint_r
 *fill*         0x00000000080080f4        0x4 
 .text._vfprintf_r
                0x00000000080080f8     0x1d20 /users7/cse/qmatthews/source/ArmGNUAssemblyWorkspace/arm-gnu-toolchain-12.2.rel1-x86_64-arm-none-eabi/bin/../lib/gcc/arm-none-eabi/12.2.1/../../../../arm-none-eabi/lib/thumb/v7e-m+fp/hard/libc.a(libc_a-vfprintf.o)
                0x00000000080080f8                _vfprintf_r
 .text.__sbprintf
                0x0000000008009e18       0x80 /users7/cse/qmatthews/source/ArmGNUAssemblyWorkspace/arm-gnu-toolchain-12.2.rel1-x86_64-arm-none-eabi/bin/../lib/gcc/arm-none-eabi/12.2.1/../../../../arm-none-eabi/lib/thumb/v7e-m+fp/hard/libc.a(libc_a-vfprintf.o)
 .text.__sprint_r.part.0
                0x0000000008009e98       0x78 /users7/cse/qmatthews/source/ArmGNUAssemblyWorkspace/arm-gnu-toolchain-12.2.rel1-x86_64-arm-none-eabi/bin/../lib/gcc/arm-none-eabi/12.2.1/../../../../arm-none-eabi/lib/thumb/v7e-m+fp/hard/libc.a(libc_a-vfiprintf.o)
 .text.__sprint_r
                0x0000000008009f10       0x18 /users7/cse/qmatthews/source/ArmGNUAssemblyWorkspace/arm-gnu-toolchain-12.2.rel1-x86_64-arm-none-eabi/bin/../lib/gcc/arm-none-eabi/12.2.1/../../../../arm-none-eabi/lib/thumb/v7e-m+fp/hard/libc.a(libc_a-vfiprintf.o)
                0x0000000008009f10                __sprint_r
 .text._vfiprintf_r
                0x0000000008009f28      0xfe4 /users7/cse/qmatthews/source/ArmGNUAssemblyWorkspace/arm-gnu-toolchain-12.2.rel1-x86_64-arm-none-eabi/bin/../lib/gcc/arm-none-eabi/12.2.1/../../../../arm-none-eabi/lib/thumb/v7e-m+fp/hard/libc.a(libc_a-vfiprintf.o)
                0x0000000008009f28                _vfiprintf_r
 .text.__sbprintf
                0x000000000800af0c       0x80 /users7/cse/qmatthews/source/ArmGNUAssemblyWorkspace/arm-gnu-toolchain-12.2.rel1-x86_64-arm-none-eabi/bin/../lib/gcc/arm-none-eabi/12.2.1/../../../../arm-none-eabi/lib/thumb/v7e-m+fp/hard/libc.a(libc_a-vfiprintf.o)
 .text.__register_exitproc
                0x000000000800af8c       0x88 /users7/cse/qmatthews/source/ArmGNUAssemblyWorkspace/arm-gnu-toolchain-12.2.rel1-x86_64-arm-none-eabi/bin/../lib/gcc/arm-none-eabi/12.2.1/../../../../arm-none-eabi/lib/thumb/v7e-m+fp/hard/libc.a(libc_a-__atexit.o)
                0x000000000800af8c                __register_exitproc
 .text.__ascii_mbtowc
                0x000000000800b014       0x2c /users7/cse/qmatthews/source/ArmGNUAssemblyWorkspace/arm-gnu-toolchain-12.2.rel1-x86_64-arm-none-eabi/bin/../lib/gcc/arm-none-eabi/12.2.1/../../../../arm-none-eabi/lib/thumb/v7e-m+fp/hard/libc.a(libc_a-mbtowc_r.o)
                0x000000000800b014                __ascii_mbtowc
 .text.memmove  0x000000000800b040      0x100 /users7/cse/qmatthews/source/ArmGNUAssemblyWorkspace/arm-gnu-toolchain-12.2.rel1-x86_64-arm-none-eabi/bin/../lib/gcc/arm-none-eabi/12.2.1/../../../../arm-none-eabi/lib/thumb/v7e-m+fp/hard/libc.a(libc_a-memmove.o)
                0x000000000800b040                memmove
 .text.__assert_func
                0x000000000800b140       0x40 /users7/cse/qmatthews/source/ArmGNUAssemblyWorkspace/arm-gnu-toolchain-12.2.rel1-x86_64-arm-none-eabi/bin/../lib/gcc/arm-none-eabi/12.2.1/../../../../arm-none-eabi/lib/thumb/v7e-m+fp/hard/libc.a(libc_a-assert.o)
                0x000000000800b140                __assert_func
 .text._fclose_r
                0x000000000800b180       0xc4 /users7/cse/qmatthews/source/ArmGNUAssemblyWorkspace/arm-gnu-toolchain-12.2.rel1-x86_64-arm-none-eabi/bin/../lib/gcc/arm-none-eabi/12.2.1/../../../../arm-none-eabi/lib/thumb/v7e-m+fp/hard/libc.a(libc_a-fclose.o)
                0x000000000800b180                _fclose_r
 .text.__swsetup_r
                0x000000000800b244       0xc0 /users7/cse/qmatthews/source/ArmGNUAssemblyWorkspace/arm-gnu-toolchain-12.2.rel1-x86_64-arm-none-eabi/bin/../lib/gcc/arm-none-eabi/12.2.1/../../../../arm-none-eabi/lib/thumb/v7e-m+fp/hard/libc.a(libc_a-wsetup.o)
                0x000000000800b244                __swsetup_r
 .text.__smakebuf_r
                0x000000000800b304       0xdc /users7/cse/qmatthews/source/ArmGNUAssemblyWorkspace/arm-gnu-toolchain-12.2.rel1-x86_64-arm-none-eabi/bin/../lib/gcc/arm-none-eabi/12.2.1/../../../../arm-none-eabi/lib/thumb/v7e-m+fp/hard/libc.a(libc_a-makebuf.o)
                0x000000000800b304                __smakebuf_r
 .text._Balloc  0x000000000800b3e0       0x4c /users7/cse/qmatthews/source/ArmGNUAssemblyWorkspace/arm-gnu-toolchain-12.2.rel1-x86_64-arm-none-eabi/bin/../lib/gcc/arm-none-eabi/12.2.1/../../../../arm-none-eabi/lib/thumb/v7e-m+fp/hard/libc.a(libc_a-mprec.o)
                0x000000000800b3e0                _Balloc
 .text._Bfree   0x000000000800b42c       0x14 /users7/cse/qmatthews/source/ArmGNUAssemblyWorkspace/arm-gnu-toolchain-12.2.rel1-x86_64-arm-none-eabi/bin/../lib/gcc/arm-none-eabi/12.2.1/../../../../arm-none-eabi/lib/thumb/v7e-m+fp/hard/libc.a(libc_a-mprec.o)
                0x000000000800b42c                _Bfree
 .text.__multadd
                0x000000000800b440       0xa0 /users7/cse/qmatthews/source/ArmGNUAssemblyWorkspace/arm-gnu-toolchain-12.2.rel1-x86_64-arm-none-eabi/bin/../lib/gcc/arm-none-eabi/12.2.1/../../../../arm-none-eabi/lib/thumb/v7e-m+fp/hard/libc.a(libc_a-mprec.o)
                0x000000000800b440                __multadd
 .text.__hi0bits
                0x000000000800b4e0       0x44 /users7/cse/qmatthews/source/ArmGNUAssemblyWorkspace/arm-gnu-toolchain-12.2.rel1-x86_64-arm-none-eabi/bin/../lib/gcc/arm-none-eabi/12.2.1/../../../../arm-none-eabi/lib/thumb/v7e-m+fp/hard/libc.a(libc_a-mprec.o)
                0x000000000800b4e0                __hi0bits
 .text.__lo0bits
                0x000000000800b524       0x60 /users7/cse/qmatthews/source/ArmGNUAssemblyWorkspace/arm-gnu-toolchain-12.2.rel1-x86_64-arm-none-eabi/bin/../lib/gcc/arm-none-eabi/12.2.1/../../../../arm-none-eabi/lib/thumb/v7e-m+fp/hard/libc.a(libc_a-mprec.o)
                0x000000000800b524                __lo0bits
 .text.__i2b    0x000000000800b584       0x5c /users7/cse/qmatthews/source/ArmGNUAssemblyWorkspace/arm-gnu-toolchain-12.2.rel1-x86_64-arm-none-eabi/bin/../lib/gcc/arm-none-eabi/12.2.1/../../../../arm-none-eabi/lib/thumb/v7e-m+fp/hard/libc.a(libc_a-mprec.o)
                0x000000000800b584                __i2b
 .text.__multiply
                0x000000000800b5e0      0x16c /users7/cse/qmatthews/source/ArmGNUAssemblyWorkspace/arm-gnu-toolchain-12.2.rel1-x86_64-arm-none-eabi/bin/../lib/gcc/arm-none-eabi/12.2.1/../../../../arm-none-eabi/lib/thumb/v7e-m+fp/hard/libc.a(libc_a-mprec.o)
                0x000000000800b5e0                __multiply
 .text.__pow5mult
                0x000000000800b74c       0xb4 /users7/cse/qmatthews/source/ArmGNUAssemblyWorkspace/arm-gnu-toolchain-12.2.rel1-x86_64-arm-none-eabi/bin/../lib/gcc/arm-none-eabi/12.2.1/../../../../arm-none-eabi/lib/thumb/v7e-m+fp/hard/libc.a(libc_a-mprec.o)
                0x000000000800b74c                __pow5mult
 .text.__lshift
                0x000000000800b800       0xf0 /users7/cse/qmatthews/source/ArmGNUAssemblyWorkspace/arm-gnu-toolchain-12.2.rel1-x86_64-arm-none-eabi/bin/../lib/gcc/arm-none-eabi/12.2.1/../../../../arm-none-eabi/lib/thumb/v7e-m+fp/hard/libc.a(libc_a-mprec.o)
                0x000000000800b800                __lshift
 .text.__mcmp   0x000000000800b8f0       0x44 /users7/cse/qmatthews/source/ArmGNUAssemblyWorkspace/arm-gnu-toolchain-12.2.rel1-x86_64-arm-none-eabi/bin/../lib/gcc/arm-none-eabi/12.2.1/../../../../arm-none-eabi/lib/thumb/v7e-m+fp/hard/libc.a(libc_a-mprec.o)
                0x000000000800b8f0                __mcmp
 .text.__mdiff  0x000000000800b934      0x164 /users7/cse/qmatthews/source/ArmGNUAssemblyWorkspace/arm-gnu-toolchain-12.2.rel1-x86_64-arm-none-eabi/bin/../lib/gcc/arm-none-eabi/12.2.1/../../../../arm-none-eabi/lib/thumb/v7e-m+fp/hard/libc.a(libc_a-mprec.o)
                0x000000000800b934                __mdiff
 .text.__d2b    0x000000000800ba98       0xd4 /users7/cse/qmatthews/source/ArmGNUAssemblyWorkspace/arm-gnu-toolchain-12.2.rel1-x86_64-arm-none-eabi/bin/../lib/gcc/arm-none-eabi/12.2.1/../../../../arm-none-eabi/lib/thumb/v7e-m+fp/hard/libc.a(libc_a-mprec.o)
                0x000000000800ba98                __d2b
 .text._calloc_r
                0x000000000800bb6c       0x6c /users7/cse/qmatthews/source/ArmGNUAssemblyWorkspace/arm-gnu-toolchain-12.2.rel1-x86_64-arm-none-eabi/bin/../lib/gcc/arm-none-eabi/12.2.1/../../../../arm-none-eabi/lib/thumb/v7e-m+fp/hard/libc.a(libc_a-callocr.o)
                0x000000000800bb6c                _calloc_r
 .text._wcsnrtombs_l
                0x000000000800bbd8       0xfc /users7/cse/qmatthews/source/ArmGNUAssemblyWorkspace/arm-gnu-toolchain-12.2.rel1-x86_64-arm-none-eabi/bin/../lib/gcc/arm-none-eabi/12.2.1/../../../../arm-none-eabi/lib/thumb/v7e-m+fp/hard/libc.a(libc_a-wcsnrtombs.o)
                0x000000000800bbd8                _wcsnrtombs_l
 .text._wcsnrtombs_r
                0x000000000800bcd4       0x24 /users7/cse/qmatthews/source/ArmGNUAssemblyWorkspace/arm-gnu-toolchain-12.2.rel1-x86_64-arm-none-eabi/bin/../lib/gcc/arm-none-eabi/12.2.1/../../../../arm-none-eabi/lib/thumb/v7e-m+fp/hard/libc.a(libc_a-wcsnrtombs.o)
                0x000000000800bcd4                _wcsnrtombs_r
 .text._close_r
                0x000000000800bcf8       0x24 /users7/cse/qmatthews/source/ArmGNUAssemblyWorkspace/arm-gnu-toolchain-12.2.rel1-x86_64-arm-none-eabi/bin/../lib/gcc/arm-none-eabi/12.2.1/../../../../arm-none-eabi/lib/thumb/v7e-m+fp/hard/libc.a(libc_a-closer.o)
                0x000000000800bcf8                _close_r
 .text.__sflush_r
                0x000000000800bd1c      0x138 /users7/cse/qmatthews/source/ArmGNUAssemblyWorkspace/arm-gnu-toolchain-12.2.rel1-x86_64-arm-none-eabi/bin/../lib/gcc/arm-none-eabi/12.2.1/../../../../arm-none-eabi/lib/thumb/v7e-m+fp/hard/libc.a(libc_a-fflush.o)
                0x000000000800bd1c                __sflush_r
 .text._fflush_r
                0x000000000800be54       0x54 /users7/cse/qmatthews/source/ArmGNUAssemblyWorkspace/arm-gnu-toolchain-12.2.rel1-x86_64-arm-none-eabi/bin/../lib/gcc/arm-none-eabi/12.2.1/../../../../arm-none-eabi/lib/thumb/v7e-m+fp/hard/libc.a(libc_a-fflush.o)
                0x000000000800be54                _fflush_r
 .text._realloc_r
                0x000000000800bea8      0x34c /users7/cse/qmatthews/source/ArmGNUAssemblyWorkspace/arm-gnu-toolchain-12.2.rel1-x86_64-arm-none-eabi/bin/../lib/gcc/arm-none-eabi/12.2.1/../../../../arm-none-eabi/lib/thumb/v7e-m+fp/hard/libc.a(libc_a-reallocr.o)
                0x000000000800bea8                _realloc_r
 .text._fstat_r
                0x000000000800c1f4       0x2c /users7/cse/qmatthews/source/ArmGNUAssemblyWorkspace/arm-gnu-toolchain-12.2.rel1-x86_64-arm-none-eabi/bin/../lib/gcc/arm-none-eabi/12.2.1/../../../../arm-none-eabi/lib/thumb/v7e-m+fp/hard/libc.a(libc_a-fstatr.o)
                0x000000000800c1f4                _fstat_r
 .text._isatty_r
                0x000000000800c220       0x24 /users7/cse/qmatthews/source/ArmGNUAssemblyWorkspace/arm-gnu-toolchain-12.2.rel1-x86_64-arm-none-eabi/bin/../lib/gcc/arm-none-eabi/12.2.1/../../../../arm-none-eabi/lib/thumb/v7e-m+fp/hard/libc.a(libc_a-isattyr.o)
                0x000000000800c220                _isatty_r
 .text._lseek_r
                0x000000000800c244       0x2c /users7/cse/qmatthews/source/ArmGNUAssemblyWorkspace/arm-gnu-toolchain-12.2.rel1-x86_64-arm-none-eabi/bin/../lib/gcc/arm-none-eabi/12.2.1/../../../../arm-none-eabi/lib/thumb/v7e-m+fp/hard/libc.a(libc_a-lseekr.o)
                0x000000000800c244                _lseek_r
 .text._read_r  0x000000000800c270       0x2c /users7/cse/qmatthews/source/ArmGNUAssemblyWorkspace/arm-gnu-toolchain-12.2.rel1-x86_64-arm-none-eabi/bin/../lib/gcc/arm-none-eabi/12.2.1/../../../../arm-none-eabi/lib/thumb/v7e-m+fp/hard/libc.a(libc_a-readr.o)
                0x000000000800c270                _read_r
 .text.fiprintf
                0x000000000800c29c       0x28 /users7/cse/qmatthews/source/ArmGNUAssemblyWorkspace/arm-gnu-toolchain-12.2.rel1-x86_64-arm-none-eabi/bin/../lib/gcc/arm-none-eabi/12.2.1/../../../../arm-none-eabi/lib/thumb/v7e-m+fp/hard/libc.a(libc_a-fiprintf.o)
                0x000000000800c29c                fiprintf
 .text.__fputwc
                0x000000000800c2c4       0x7c /users7/cse/qmatthews/source/ArmGNUAssemblyWorkspace/arm-gnu-toolchain-12.2.rel1-x86_64-arm-none-eabi/bin/../lib/gcc/arm-none-eabi/12.2.1/../../../../arm-none-eabi/lib/thumb/v7e-m+fp/hard/libc.a(libc_a-fputwc.o)
                0x000000000800c2c4                __fputwc
 .text._fputwc_r
                0x000000000800c340       0x64 /users7/cse/qmatthews/source/ArmGNUAssemblyWorkspace/arm-gnu-toolchain-12.2.rel1-x86_64-arm-none-eabi/bin/../lib/gcc/arm-none-eabi/12.2.1/../../../../arm-none-eabi/lib/thumb/v7e-m+fp/hard/libc.a(libc_a-fputwc.o)
                0x000000000800c340                _fputwc_r
 .text.__sfvwrite_r
                0x000000000800c3a4      0x2e4 /users7/cse/qmatthews/source/ArmGNUAssemblyWorkspace/arm-gnu-toolchain-12.2.rel1-x86_64-arm-none-eabi/bin/../lib/gcc/arm-none-eabi/12.2.1/../../../../arm-none-eabi/lib/thumb/v7e-m+fp/hard/libc.a(libc_a-fvwrite.o)
                0x000000000800c3a4                __sfvwrite_r
 .text.__swbuf_r
                0x000000000800c688       0xac /users7/cse/qmatthews/source/ArmGNUAssemblyWorkspace/arm-gnu-toolchain-12.2.rel1-x86_64-arm-none-eabi/bin/../lib/gcc/arm-none-eabi/12.2.1/../../../../arm-none-eabi/lib/thumb/v7e-m+fp/hard/libc.a(libc_a-wbuf.o)
                0x000000000800c688                __swbuf_r
 .text.abort    0x000000000800c734       0x10 /users7/cse/qmatthews/source/ArmGNUAssemblyWorkspace/arm-gnu-toolchain-12.2.rel1-x86_64-arm-none-eabi/bin/../lib/gcc/arm-none-eabi/12.2.1/../../../../arm-none-eabi/lib/thumb/v7e-m+fp/hard/libc.a(libc_a-abort.o)
                0x000000000800c734                abort
 .text.raise    0x000000000800c744       0x58 /users7/cse/qmatthews/source/ArmGNUAssemblyWorkspace/arm-gnu-toolchain-12.2.rel1-x86_64-arm-none-eabi/bin/../lib/gcc/arm-none-eabi/12.2.1/../../../../arm-none-eabi/lib/thumb/v7e-m+fp/hard/libc.a(libc_a-signal.o)
                0x000000000800c744                raise
 .text._kill_r  0x000000000800c79c       0x2c /users7/cse/qmatthews/source/ArmGNUAssemblyWorkspace/arm-gnu-toolchain-12.2.rel1-x86_64-arm-none-eabi/bin/../lib/gcc/arm-none-eabi/12.2.1/../../../../arm-none-eabi/lib/thumb/v7e-m+fp/hard/libc.a(libc_a-signalr.o)
                0x000000000800c79c                _kill_r
 .text._getpid_r
                0x000000000800c7c8        0x4 /users7/cse/qmatthews/source/ArmGNUAssemblyWorkspace/arm-gnu-toolchain-12.2.rel1-x86_64-arm-none-eabi/bin/../lib/gcc/arm-none-eabi/12.2.1/../../../../arm-none-eabi/lib/thumb/v7e-m+fp/hard/libc.a(libc_a-signalr.o)
                0x000000000800c7c8                _getpid_r
 .text._sbrk    0x000000000800c7cc       0x1c /users7/cse/qmatthews/source/ArmGNUAssemblyWorkspace/arm-gnu-toolchain-12.2.rel1-x86_64-arm-none-eabi/bin/../lib/gcc/arm-none-eabi/12.2.1/../../../../arm-none-eabi/lib/thumb/v7e-m+fp/hard/libnosys.a(sbrk.o)
                0x000000000800c7cc                _sbrk
 .text._exit    0x000000000800c7e8        0x4 /users7/cse/qmatthews/source/ArmGNUAssemblyWorkspace/arm-gnu-toolchain-12.2.rel1-x86_64-arm-none-eabi/bin/../lib/gcc/arm-none-eabi/12.2.1/../../../../arm-none-eabi/lib/thumb/v7e-m+fp/hard/libnosys.a(_exit.o)
                0x000000000800c7e8                _exit
 .text          0x000000000800c7ec      0x378 /users7/cse/qmatthews/source/ArmGNUAssemblyWorkspace/arm-gnu-toolchain-12.2.rel1-x86_64-arm-none-eabi/bin/../lib/gcc/arm-none-eabi/12.2.1/thumb/v7e-m+fp/hard/libgcc.a(_arm_addsubdf3.o)
                0x000000000800c7ec                __aeabi_drsub
                0x000000000800c7f4                __aeabi_dsub
                0x000000000800c7f4                __subdf3
                0x000000000800c7f8                __adddf3
                0x000000000800c7f8                __aeabi_dadd
                0x000000000800ca70                __aeabi_ui2d
                0x000000000800ca70                __floatunsidf
                0x000000000800ca90                __floatsidf
                0x000000000800ca90                __aeabi_i2d
                0x000000000800cab4                __extendsfdf2
                0x000000000800cab4                __aeabi_f2d
                0x000000000800caf8                __aeabi_ul2d
                0x000000000800caf8                __floatundidf
                0x000000000800cb08                __floatdidf
                0x000000000800cb08                __aeabi_l2d
 .text          0x000000000800cb64      0x424 /users7/cse/qmatthews/source/ArmGNUAssemblyWorkspace/arm-gnu-toolchain-12.2.rel1-x86_64-arm-none-eabi/bin/../lib/gcc/arm-none-eabi/12.2.1/thumb/v7e-m+fp/hard/libgcc.a(_arm_muldivdf3.o)
                0x000000000800cb64                __aeabi_dmul
                0x000000000800cb64                __muldf3
                0x000000000800cdb8                __aeabi_ddiv
                0x000000000800cdb8                __divdf3
 .text          0x000000000800cf88      0x110 /users7/cse/qmatthews/source/ArmGNUAssemblyWorkspace/arm-gnu-toolchain-12.2.rel1-x86_64-arm-none-eabi/bin/../lib/gcc/arm-none-eabi/12.2.1/thumb/v7e-m+fp/hard/libgcc.a(_arm_cmpdf2.o)
                0x000000000800cf88                __gtdf2
                0x000000000800cf88                __gedf2
                0x000000000800cf90                __ltdf2
                0x000000000800cf90                __ledf2
                0x000000000800cf98                __cmpdf2
                0x000000000800cf98                __eqdf2
                0x000000000800cf98                __nedf2
                0x000000000800d014                __aeabi_cdrcmple
                0x000000000800d024                __aeabi_cdcmple
                0x000000000800d024                __aeabi_cdcmpeq
                0x000000000800d034                __aeabi_dcmpeq
                0x000000000800d048                __aeabi_dcmplt
                0x000000000800d05c                __aeabi_dcmple
                0x000000000800d070                __aeabi_dcmpge
                0x000000000800d084                __aeabi_dcmpgt
 .text          0x000000000800d098       0x2c /users7/cse/qmatthews/source/ArmGNUAssemblyWorkspace/arm-gnu-toolchain-12.2.rel1-x86_64-arm-none-eabi/bin/../lib/gcc/arm-none-eabi/12.2.1/thumb/v7e-m+fp/hard/libgcc.a(_arm_unorddf2.o)
                0x000000000800d098                __aeabi_dcmpun
                0x000000000800d098                __unorddf2
 .text          0x000000000800d0c4       0x50 /users7/cse/qmatthews/source/ArmGNUAssemblyWorkspace/arm-gnu-toolchain-12.2.rel1-x86_64-arm-none-eabi/bin/../lib/gcc/arm-none-eabi/12.2.1/thumb/v7e-m+fp/hard/libgcc.a(_arm_fixdfsi.o)
                0x000000000800d0c4                __fixdfsi
                0x000000000800d0c4                __aeabi_d2iz
 *(.init)
 .init          0x000000000800d114        0x4 /users7/cse/qmatthews/source/ArmGNUAssemblyWorkspace/arm-gnu-toolchain-12.2.rel1-x86_64-arm-none-eabi/bin/../lib/gcc/arm-none-eabi/12.2.1/thumb/v7e-m+fp/hard/crti.o
                0x000000000800d114                _init
 .init          0x000000000800d118        0x8 /users7/cse/qmatthews/source/ArmGNUAssemblyWorkspace/arm-gnu-toolchain-12.2.rel1-x86_64-arm-none-eabi/bin/../lib/gcc/arm-none-eabi/12.2.1/thumb/v7e-m+fp/hard/crtn.o
 *(.fini)
 .fini          0x000000000800d120        0x4 /users7/cse/qmatthews/source/ArmGNUAssemblyWorkspace/arm-gnu-toolchain-12.2.rel1-x86_64-arm-none-eabi/bin/../lib/gcc/arm-none-eabi/12.2.1/thumb/v7e-m+fp/hard/crti.o
                0x000000000800d120                _fini
 .fini          0x000000000800d124        0x8 /users7/cse/qmatthews/source/ArmGNUAssemblyWorkspace/arm-gnu-toolchain-12.2.rel1-x86_64-arm-none-eabi/bin/../lib/gcc/arm-none-eabi/12.2.1/thumb/v7e-m+fp/hard/crtn.o
 *crtbegin.o(.ctors)
 *crtbegin?.o(.ctors)
 *(EXCLUDE_FILE(*crtend.o *crtend?.o) .ctors)
 *(SORT_BY_NAME(.ctors.*))
 *(.ctors)
 *crtbegin.o(.dtors)
 *crtbegin?.o(.dtors)
 *(EXCLUDE_FILE(*crtend.o *crtend?.o) .dtors)
 *(SORT_BY_NAME(.dtors.*))
 *(.dtors)
 *(.rodata*)
 .rodata.main.str1.4
                0x000000000800d12c       0x20 obj/Lab05-Part2Main-c.o
 .rodata.DisplayHeader.str1.1
                0x000000000800d14c       0x27 library.a(initialize.o)
 .rodata._write.str1.1
                0x000000000800d173       0x27 library.a(initialize.o)
                                          0x1 (size before relaxing)
 .rodata.Font12_Table
                0x000000000800d173      0x474 library.a(stm32f429i_discovery_lcd.o)
                0x000000000800d173                Font12_Table
 .rodata.Font16_Table
                0x000000000800d5e7      0xbe0 library.a(stm32f429i_discovery_lcd.o)
                0x000000000800d5e7                Font16_Table
 .rodata.Font24_Table
                0x000000000800e1c7     0x1ab8 library.a(stm32f429i_discovery_lcd.o)
                0x000000000800e1c7                Font24_Table
 .rodata.CSWTCH.4
                0x000000000800fc7f        0x7 library.a(stm32f4xx_hal_ltdc.o)
 .rodata.APBAHBPrescTable
                0x000000000800fc86       0x10 library.a(stm32f4xx_hal_rcc.o)
                0x000000000800fc86                APBAHBPrescTable
 .rodata.SVC_Label.str1.1
                0x000000000800fc96        0xe library.a(svcHandler.o)
 .rodata.F32.str1.1
                0x000000000800fca4       0x20 library.a(svcHandler.o)
 .rodata.FlPtRegs.str1.1
                0x000000000800fcc4       0x1a library.a(svcHandler.o)
 .rodata._MemManageHandler.str1.1
                0x000000000800fcde       0x10 library.a(svcHandler.o)
 .rodata._BusFault_Handler.str1.1
                0x000000000800fcee        0xb library.a(svcHandler.o)
 .rodata._HardFault_Handler.str1.1
                0x000000000800fcf9        0xc library.a(svcHandler.o)
 .rodata._UsageFault_Handler.str1.1
                0x000000000800fd05       0x76 library.a(svcHandler.o)
 .rodata.SVC_Exception.str1.1
                0x000000000800fd7b       0x15 library.a(svcHandler.o)
 .rodata.str1.1
                0x000000000800fd90      0x11e library.a(svcHandler.o)
 *fill*         0x000000000800feae        0x2 
 .rodata._svfprintf_r.str1.4
                0x000000000800feb0       0x42 /users7/cse/qmatthews/source/ArmGNUAssemblyWorkspace/arm-gnu-toolchain-12.2.rel1-x86_64-arm-none-eabi/bin/../lib/gcc/arm-none-eabi/12.2.1/../../../../arm-none-eabi/lib/thumb/v7e-m+fp/hard/libc.a(libc_a-svfprintf.o)
 *fill*         0x000000000800fef2        0x2 
 .rodata.zeroes.0
                0x000000000800fef4       0x10 /users7/cse/qmatthews/source/ArmGNUAssemblyWorkspace/arm-gnu-toolchain-12.2.rel1-x86_64-arm-none-eabi/bin/../lib/gcc/arm-none-eabi/12.2.1/../../../../arm-none-eabi/lib/thumb/v7e-m+fp/hard/libc.a(libc_a-svfprintf.o)
 .rodata.blanks.1
                0x000000000800ff04       0x10 /users7/cse/qmatthews/source/ArmGNUAssemblyWorkspace/arm-gnu-toolchain-12.2.rel1-x86_64-arm-none-eabi/bin/../lib/gcc/arm-none-eabi/12.2.1/../../../../arm-none-eabi/lib/thumb/v7e-m+fp/hard/libc.a(libc_a-svfprintf.o)
 .rodata.str1.4
                0x000000000800ff14       0x48 /users7/cse/qmatthews/source/ArmGNUAssemblyWorkspace/arm-gnu-toolchain-12.2.rel1-x86_64-arm-none-eabi/bin/../lib/gcc/arm-none-eabi/12.2.1/../../../../arm-none-eabi/lib/thumb/v7e-m+fp/hard/libc.a(libc_a-locale.o)
                                         0x4c (size before relaxing)
 .rodata._dtoa_r.str1.4
                0x000000000800ff5c       0x7d /users7/cse/qmatthews/source/ArmGNUAssemblyWorkspace/arm-gnu-toolchain-12.2.rel1-x86_64-arm-none-eabi/bin/../lib/gcc/arm-none-eabi/12.2.1/../../../../arm-none-eabi/lib/thumb/v7e-m+fp/hard/libc.a(libc_a-dtoa.o)
                                         0x81 (size before relaxing)
 *fill*         0x000000000800ffd9        0x3 
 .rodata._ctype_
                0x000000000800ffdc      0x101 /users7/cse/qmatthews/source/ArmGNUAssemblyWorkspace/arm-gnu-toolchain-12.2.rel1-x86_64-arm-none-eabi/bin/../lib/gcc/arm-none-eabi/12.2.1/../../../../arm-none-eabi/lib/thumb/v7e-m+fp/hard/libc.a(libc_a-ctype_.o)
                0x000000000800ffdc                _ctype_
 .rodata._vfprintf_r.str1.4
                0x00000000080100dd       0x42 /users7/cse/qmatthews/source/ArmGNUAssemblyWorkspace/arm-gnu-toolchain-12.2.rel1-x86_64-arm-none-eabi/bin/../lib/gcc/arm-none-eabi/12.2.1/../../../../arm-none-eabi/lib/thumb/v7e-m+fp/hard/libc.a(libc_a-vfprintf.o)
 *fill*         0x00000000080100dd        0x3 
 .rodata.zeroes.0
                0x00000000080100e0       0x10 /users7/cse/qmatthews/source/ArmGNUAssemblyWorkspace/arm-gnu-toolchain-12.2.rel1-x86_64-arm-none-eabi/bin/../lib/gcc/arm-none-eabi/12.2.1/../../../../arm-none-eabi/lib/thumb/v7e-m+fp/hard/libc.a(libc_a-vfprintf.o)
 .rodata.blanks.1
                0x00000000080100f0       0x10 /users7/cse/qmatthews/source/ArmGNUAssemblyWorkspace/arm-gnu-toolchain-12.2.rel1-x86_64-arm-none-eabi/bin/../lib/gcc/arm-none-eabi/12.2.1/../../../../arm-none-eabi/lib/thumb/v7e-m+fp/hard/libc.a(libc_a-vfprintf.o)
 .rodata._vfiprintf_r.str1.4
                0x0000000008010100       0x2f /users7/cse/qmatthews/source/ArmGNUAssemblyWorkspace/arm-gnu-toolchain-12.2.rel1-x86_64-arm-none-eabi/bin/../lib/gcc/arm-none-eabi/12.2.1/../../../../arm-none-eabi/lib/thumb/v7e-m+fp/hard/libc.a(libc_a-vfiprintf.o)
 .rodata.zeroes.0
                0x0000000008010100       0x10 /users7/cse/qmatthews/source/ArmGNUAssemblyWorkspace/arm-gnu-toolchain-12.2.rel1-x86_64-arm-none-eabi/bin/../lib/gcc/arm-none-eabi/12.2.1/../../../../arm-none-eabi/lib/thumb/v7e-m+fp/hard/libc.a(libc_a-vfiprintf.o)
 .rodata.blanks.1
                0x0000000008010110       0x10 /users7/cse/qmatthews/source/ArmGNUAssemblyWorkspace/arm-gnu-toolchain-12.2.rel1-x86_64-arm-none-eabi/bin/../lib/gcc/arm-none-eabi/12.2.1/../../../../arm-none-eabi/lib/thumb/v7e-m+fp/hard/libc.a(libc_a-vfiprintf.o)
 .rodata.__assert_func.str1.4
                0x0000000008010120       0x3f /users7/cse/qmatthews/source/ArmGNUAssemblyWorkspace/arm-gnu-toolchain-12.2.rel1-x86_64-arm-none-eabi/bin/../lib/gcc/arm-none-eabi/12.2.1/../../../../arm-none-eabi/lib/thumb/v7e-m+fp/hard/libc.a(libc_a-assert.o)
                                         0x43 (size before relaxing)
 *fill*         0x000000000801015f        0x1 
 .rodata.__multadd.str1.4
                0x0000000008010160       0x5a /users7/cse/qmatthews/source/ArmGNUAssemblyWorkspace/arm-gnu-toolchain-12.2.rel1-x86_64-arm-none-eabi/bin/../lib/gcc/arm-none-eabi/12.2.1/../../../../arm-none-eabi/lib/thumb/v7e-m+fp/hard/libc.a(libc_a-mprec.o)
                                         0x6e (size before relaxing)
 *fill*         0x00000000080101ba        0x2 
 .rodata.p05.0  0x00000000080101bc        0xc /users7/cse/qmatthews/source/ArmGNUAssemblyWorkspace/arm-gnu-toolchain-12.2.rel1-x86_64-arm-none-eabi/bin/../lib/gcc/arm-none-eabi/12.2.1/../../../../arm-none-eabi/lib/thumb/v7e-m+fp/hard/libc.a(libc_a-mprec.o)
 .rodata.__mprec_bigtens
                0x00000000080101c8       0x28 /users7/cse/qmatthews/source/ArmGNUAssemblyWorkspace/arm-gnu-toolchain-12.2.rel1-x86_64-arm-none-eabi/bin/../lib/gcc/arm-none-eabi/12.2.1/../../../../arm-none-eabi/lib/thumb/v7e-m+fp/hard/libc.a(libc_a-mprec.o)
                0x00000000080101c8                __mprec_bigtens
 .rodata.__mprec_tens
                0x00000000080101f0       0xc8 /users7/cse/qmatthews/source/ArmGNUAssemblyWorkspace/arm-gnu-toolchain-12.2.rel1-x86_64-arm-none-eabi/bin/../lib/gcc/arm-none-eabi/12.2.1/../../../../arm-none-eabi/lib/thumb/v7e-m+fp/hard/libc.a(libc_a-mprec.o)
                0x00000000080101f0                __mprec_tens
 *(.eh_frame*)
 .eh_frame      0x00000000080102b8        0x0 /users7/cse/qmatthews/source/ArmGNUAssemblyWorkspace/arm-gnu-toolchain-12.2.rel1-x86_64-arm-none-eabi/bin/../lib/gcc/arm-none-eabi/12.2.1/thumb/v7e-m+fp/hard/crtbegin.o
 .eh_frame      0x00000000080102b8        0x4 /users7/cse/qmatthews/source/ArmGNUAssemblyWorkspace/arm-gnu-toolchain-12.2.rel1-x86_64-arm-none-eabi/bin/../lib/gcc/arm-none-eabi/12.2.1/thumb/v7e-m+fp/hard/crtend.o

.glue_7         0x00000000080102bc        0x0
 .glue_7        0x00000000080102bc        0x0 linker stubs

.glue_7t        0x00000000080102bc        0x0
 .glue_7t       0x00000000080102bc        0x0 linker stubs

.vfp11_veneer   0x00000000080102bc        0x0
 .vfp11_veneer  0x00000000080102bc        0x0 linker stubs

.v4_bx          0x00000000080102bc        0x0
 .v4_bx         0x00000000080102bc        0x0 linker stubs

.iplt           0x00000000080102bc        0x0
 .iplt          0x00000000080102bc        0x0 /users7/cse/qmatthews/source/ArmGNUAssemblyWorkspace/arm-gnu-toolchain-12.2.rel1-x86_64-arm-none-eabi/bin/../lib/gcc/arm-none-eabi/12.2.1/thumb/v7e-m+fp/hard/crtbegin.o

.ARM.extab
 *(.ARM.extab* .gnu.linkonce.armextab.*)
                0x00000000080102bc                __exidx_start = .

.ARM.exidx      0x00000000080102bc        0x8
 *(.ARM.exidx* .gnu.linkonce.armexidx.*)
 .ARM.exidx     0x00000000080102bc        0x8 /users7/cse/qmatthews/source/ArmGNUAssemblyWorkspace/arm-gnu-toolchain-12.2.rel1-x86_64-arm-none-eabi/bin/../lib/gcc/arm-none-eabi/12.2.1/../../../../arm-none-eabi/lib/thumb/v7e-m+fp/hard/crt0.o
                                         0x10 (size before relaxing)
                0x00000000080102c4                __exidx_end = .
                0x00000000080102c4                __etext = .

.rel.dyn        0x00000000080102c4        0x0
 .rel.iplt      0x00000000080102c4        0x0 /users7/cse/qmatthews/source/ArmGNUAssemblyWorkspace/arm-gnu-toolchain-12.2.rel1-x86_64-arm-none-eabi/bin/../lib/gcc/arm-none-eabi/12.2.1/thumb/v7e-m+fp/hard/crtbegin.o

.data           0x0000000020000000      0x818 load address 0x00000000080102c4
                0x0000000020000000                __data_start__ = .
 *(vtable)
 *(.data*)
 .data.BUTTON_PORT
                0x0000000020000000        0x4 library.a(stm32f429i_discovery.o)
                0x0000000020000000                BUTTON_PORT
 .data.SpixTimeout
                0x0000000020000004        0x4 library.a(stm32f429i_discovery.o)
                0x0000000020000004                SpixTimeout
 .data.Font12   0x0000000020000008        0x8 library.a(stm32f429i_discovery_lcd.o)
                0x0000000020000008                Font12
 .data.Font16   0x0000000020000010        0x8 library.a(stm32f429i_discovery_lcd.o)
                0x0000000020000010                Font16
 .data.Font24   0x0000000020000018        0x8 library.a(stm32f429i_discovery_lcd.o)
                0x0000000020000018                Font24
 .data.context.0
                0x0000000020000020       0x20 library.a(svcHandler.o)
 .data.context.1
                0x0000000020000040       0x20 library.a(svcHandler.o)
 .data.context.3
                0x0000000020000060       0x20 library.a(svcHandler.o)
 .data.context.6
                0x0000000020000080       0x20 library.a(svcHandler.o)
 .data.lines.2  0x00000000200000a0       0x30 library.a(svcHandler.o)
 .data.lines.5  0x00000000200000d0       0x40 library.a(svcHandler.o)
 .data.SystemCoreClock
                0x0000000020000110        0x4 library.a(system_stm32f4xx.o)
                0x0000000020000110                SystemCoreClock
 .data.ili9341_drv
                0x0000000020000114       0x38 library.a(ili9341.o)
                0x0000000020000114                ili9341_drv
 .data.__malloc_sbrk_base
                0x000000002000014c        0x4 /users7/cse/qmatthews/source/ArmGNUAssemblyWorkspace/arm-gnu-toolchain-12.2.rel1-x86_64-arm-none-eabi/bin/../lib/gcc/arm-none-eabi/12.2.1/../../../../arm-none-eabi/lib/thumb/v7e-m+fp/hard/libc.a(libc_a-mallocr.o)
                0x000000002000014c                __malloc_sbrk_base
 .data.__malloc_trim_threshold
                0x0000000020000150        0x4 /users7/cse/qmatthews/source/ArmGNUAssemblyWorkspace/arm-gnu-toolchain-12.2.rel1-x86_64-arm-none-eabi/bin/../lib/gcc/arm-none-eabi/12.2.1/../../../../arm-none-eabi/lib/thumb/v7e-m+fp/hard/libc.a(libc_a-mallocr.o)
                0x0000000020000150                __malloc_trim_threshold
 *fill*         0x0000000020000154        0x4 
 .data.__malloc_av_
                0x0000000020000158      0x408 /users7/cse/qmatthews/source/ArmGNUAssemblyWorkspace/arm-gnu-toolchain-12.2.rel1-x86_64-arm-none-eabi/bin/../lib/gcc/arm-none-eabi/12.2.1/../../../../arm-none-eabi/lib/thumb/v7e-m+fp/hard/libc.a(libc_a-mallocr.o)
                0x0000000020000158                __malloc_av_
 .data.__atexit_recursive_mutex
                0x0000000020000560        0x4 /users7/cse/qmatthews/source/ArmGNUAssemblyWorkspace/arm-gnu-toolchain-12.2.rel1-x86_64-arm-none-eabi/bin/../lib/gcc/arm-none-eabi/12.2.1/../../../../arm-none-eabi/lib/thumb/v7e-m+fp/hard/libc.a(libc_a-__call_atexit.o)
                0x0000000020000560                __atexit_recursive_mutex
 .data.__global_locale
                0x0000000020000564      0x16c /users7/cse/qmatthews/source/ArmGNUAssemblyWorkspace/arm-gnu-toolchain-12.2.rel1-x86_64-arm-none-eabi/bin/../lib/gcc/arm-none-eabi/12.2.1/../../../../arm-none-eabi/lib/thumb/v7e-m+fp/hard/libc.a(libc_a-locale.o)
                0x0000000020000564                __global_locale
 .data._impure_ptr
                0x00000000200006d0        0x4 /users7/cse/qmatthews/source/ArmGNUAssemblyWorkspace/arm-gnu-toolchain-12.2.rel1-x86_64-arm-none-eabi/bin/../lib/gcc/arm-none-eabi/12.2.1/../../../../arm-none-eabi/lib/thumb/v7e-m+fp/hard/libc.a(libc_a-impure.o)
                0x00000000200006d0                _impure_ptr
 *fill*         0x00000000200006d4        0x4 
 .data._impure_data
                0x00000000200006d8      0x120 /users7/cse/qmatthews/source/ArmGNUAssemblyWorkspace/arm-gnu-toolchain-12.2.rel1-x86_64-arm-none-eabi/bin/../lib/gcc/arm-none-eabi/12.2.1/../../../../arm-none-eabi/lib/thumb/v7e-m+fp/hard/libc.a(libc_a-impure.o)
                0x00000000200006d8                _impure_data
 .data.__sglue  0x00000000200007f8        0xc /users7/cse/qmatthews/source/ArmGNUAssemblyWorkspace/arm-gnu-toolchain-12.2.rel1-x86_64-arm-none-eabi/bin/../lib/gcc/arm-none-eabi/12.2.1/../../../../arm-none-eabi/lib/thumb/v7e-m+fp/hard/libc.a(libc_a-findfp.o)
                0x00000000200007f8                __sglue
                0x0000000020000804                . = ALIGN (0x4)
                0x0000000020000804                PROVIDE (__preinit_array_start = .)
 *(.preinit_array)
                0x0000000020000804                PROVIDE (__preinit_array_end = .)
                0x0000000020000804                . = ALIGN (0x4)
                0x0000000020000804                PROVIDE (__init_array_start = .)
 *(SORT_BY_NAME(.init_array.*))
 .init_array.00000
                0x0000000020000804        0x4 /users7/cse/qmatthews/source/ArmGNUAssemblyWorkspace/arm-gnu-toolchain-12.2.rel1-x86_64-arm-none-eabi/bin/../lib/gcc/arm-none-eabi/12.2.1/../../../../arm-none-eabi/lib/thumb/v7e-m+fp/hard/libc.a(libc_a-__call_atexit.o)
 *(.init_array)
 .init_array    0x0000000020000808        0x4 /users7/cse/qmatthews/source/ArmGNUAssemblyWorkspace/arm-gnu-toolchain-12.2.rel1-x86_64-arm-none-eabi/bin/../lib/gcc/arm-none-eabi/12.2.1/thumb/v7e-m+fp/hard/crtbegin.o
                0x000000002000080c                PROVIDE (__init_array_end = .)
                0x0000000020000810                . = ALIGN (0x8)
 *fill*         0x000000002000080c        0x4 
                0x0000000020000810                PROVIDE (__fini_array_start = .)
 *(SORT_BY_NAME(.fini_array.*))
 *(.fini_array)
 .fini_array    0x0000000020000810        0x4 /users7/cse/qmatthews/source/ArmGNUAssemblyWorkspace/arm-gnu-toolchain-12.2.rel1-x86_64-arm-none-eabi/bin/../lib/gcc/arm-none-eabi/12.2.1/thumb/v7e-m+fp/hard/crtbegin.o
                0x0000000020000814                PROVIDE (__fini_array_end = .)
                0x0000000020000818                . = ALIGN (0x8)
 *fill*         0x0000000020000814        0x4 
                0x0000000020000818                __data_end__ = .

.tm_clone_table
                0x0000000020000818        0x0 load address 0x0000000008010adc
 .tm_clone_table
                0x0000000020000818        0x0 /users7/cse/qmatthews/source/ArmGNUAssemblyWorkspace/arm-gnu-toolchain-12.2.rel1-x86_64-arm-none-eabi/bin/../lib/gcc/arm-none-eabi/12.2.1/thumb/v7e-m+fp/hard/crtbegin.o
 .tm_clone_table
                0x0000000020000818        0x0 /users7/cse/qmatthews/source/ArmGNUAssemblyWorkspace/arm-gnu-toolchain-12.2.rel1-x86_64-arm-none-eabi/bin/../lib/gcc/arm-none-eabi/12.2.1/thumb/v7e-m+fp/hard/crtend.o

.igot.plt       0x0000000020000818        0x0 load address 0x0000000008010adc
 .igot.plt      0x0000000020000818        0x0 /users7/cse/qmatthews/source/ArmGNUAssemblyWorkspace/arm-gnu-toolchain-12.2.rel1-x86_64-arm-none-eabi/bin/../lib/gcc/arm-none-eabi/12.2.1/thumb/v7e-m+fp/hard/crtbegin.o

.bss            0x0000000020000818    0x1ce08 load address 0x0000000008010adc
                0x0000000020000818                __bss_start__ = .
 *(.bss*)
 .bss.completed.1
                0x0000000020000818        0x1 /users7/cse/qmatthews/source/ArmGNUAssemblyWorkspace/arm-gnu-toolchain-12.2.rel1-x86_64-arm-none-eabi/bin/../lib/gcc/arm-none-eabi/12.2.1/thumb/v7e-m+fp/hard/crtbegin.o
 *fill*         0x0000000020000819        0x3 
 .bss.object.0  0x000000002000081c       0x18 /users7/cse/qmatthews/source/ArmGNUAssemblyWorkspace/arm-gnu-toolchain-12.2.rel1-x86_64-arm-none-eabi/bin/../lib/gcc/arm-none-eabi/12.2.1/thumb/v7e-m+fp/hard/crtbegin.o
 .bss.buffer    0x0000000020000834      0x620 library.a(initialize.o)
 .bss.txtCol    0x0000000020000e54        0x4 library.a(initialize.o)
 .bss.txtRow    0x0000000020000e58        0x4 library.a(initialize.o)
 .bss.Is_LCD_IO_Initialized
                0x0000000020000e5c        0x1 library.a(stm32f429i_discovery.o)
 *fill*         0x0000000020000e5d        0x3 
 .bss.SpiHandle
                0x0000000020000e60       0x58 library.a(stm32f429i_discovery.o)
 .bss.ActiveLayer
                0x0000000020000eb8        0x4 library.a(stm32f429i_discovery_lcd.o)
 .bss.Dma2dHandler
                0x0000000020000ebc       0x40 library.a(stm32f429i_discovery_lcd.o)
 .bss.DrawProp  0x0000000020000efc       0x18 library.a(stm32f429i_discovery_lcd.o)
 .bss.LcdDrv    0x0000000020000f14        0x4 library.a(stm32f429i_discovery_lcd.o)
                0x0000000020000f14                LcdDrv
 .bss.LtdcHandler
                0x0000000020000f18       0xa8 library.a(stm32f429i_discovery_lcd.o)
 .bss.PeriphClkInitStruct
                0x0000000020000fc0       0x30 library.a(stm32f429i_discovery_lcd.o)
 .bss.Command   0x0000000020000ff0       0x10 library.a(stm32f429i_discovery_sdram.o)
 .bss.SdramHandle
                0x0000000020001000       0x34 library.a(stm32f429i_discovery_sdram.o)
 .bss.Timing    0x0000000020001034       0x1c library.a(stm32f429i_discovery_sdram.o)
 .bss.dmaHandle.0
                0x0000000020001050       0x50 library.a(stm32f429i_discovery_sdram.o)
 .bss.uwTick    0x00000000200010a0        0x4 library.a(stm32f4xx_hal.o)
 .bss.rgb       0x00000000200010a4    0x1c200 library.a(svcHandler.o)
                0x00000000200010a4                rgb
 .bss.text.4    0x000000002001d2a4       0x64 library.a(svcHandler.o)
 .bss.__malloc_current_mallinfo
                0x000000002001d308       0x28 /users7/cse/qmatthews/source/ArmGNUAssemblyWorkspace/arm-gnu-toolchain-12.2.rel1-x86_64-arm-none-eabi/bin/../lib/gcc/arm-none-eabi/12.2.1/../../../../arm-none-eabi/lib/thumb/v7e-m+fp/hard/libc.a(libc_a-mallocr.o)
                0x000000002001d308                __malloc_current_mallinfo
 .bss.__malloc_max_total_mem
                0x000000002001d330        0x4 /users7/cse/qmatthews/source/ArmGNUAssemblyWorkspace/arm-gnu-toolchain-12.2.rel1-x86_64-arm-none-eabi/bin/../lib/gcc/arm-none-eabi/12.2.1/../../../../arm-none-eabi/lib/thumb/v7e-m+fp/hard/libc.a(libc_a-mallocr.o)
                0x000000002001d330                __malloc_max_total_mem
 .bss.__malloc_max_sbrked_mem
                0x000000002001d334        0x4 /users7/cse/qmatthews/source/ArmGNUAssemblyWorkspace/arm-gnu-toolchain-12.2.rel1-x86_64-arm-none-eabi/bin/../lib/gcc/arm-none-eabi/12.2.1/../../../../arm-none-eabi/lib/thumb/v7e-m+fp/hard/libc.a(libc_a-mallocr.o)
                0x000000002001d334                __malloc_max_sbrked_mem
 .bss.__malloc_top_pad
                0x000000002001d338        0x4 /users7/cse/qmatthews/source/ArmGNUAssemblyWorkspace/arm-gnu-toolchain-12.2.rel1-x86_64-arm-none-eabi/bin/../lib/gcc/arm-none-eabi/12.2.1/../../../../arm-none-eabi/lib/thumb/v7e-m+fp/hard/libc.a(libc_a-mallocr.o)
                0x000000002001d338                __malloc_top_pad
 .bss.__atexit  0x000000002001d33c        0x4 /users7/cse/qmatthews/source/ArmGNUAssemblyWorkspace/arm-gnu-toolchain-12.2.rel1-x86_64-arm-none-eabi/bin/../lib/gcc/arm-none-eabi/12.2.1/../../../../arm-none-eabi/lib/thumb/v7e-m+fp/hard/libc.a(libc_a-__call_atexit.o)
                0x000000002001d33c                __atexit
 .bss.__lock___malloc_recursive_mutex
                0x000000002001d340        0x1 /users7/cse/qmatthews/source/ArmGNUAssemblyWorkspace/arm-gnu-toolchain-12.2.rel1-x86_64-arm-none-eabi/bin/../lib/gcc/arm-none-eabi/12.2.1/../../../../arm-none-eabi/lib/thumb/v7e-m+fp/hard/libc.a(libc_a-lock.o)
                0x000000002001d340                __lock___malloc_recursive_mutex
 *fill*         0x000000002001d341        0x3 
 .bss.__lock___atexit_recursive_mutex
                0x000000002001d344        0x1 /users7/cse/qmatthews/source/ArmGNUAssemblyWorkspace/arm-gnu-toolchain-12.2.rel1-x86_64-arm-none-eabi/bin/../lib/gcc/arm-none-eabi/12.2.1/../../../../arm-none-eabi/lib/thumb/v7e-m+fp/hard/libc.a(libc_a-lock.o)
                0x000000002001d344                __lock___atexit_recursive_mutex
 *fill*         0x000000002001d345        0x3 
 .bss.__lock___sfp_recursive_mutex
                0x000000002001d348        0x1 /users7/cse/qmatthews/source/ArmGNUAssemblyWorkspace/arm-gnu-toolchain-12.2.rel1-x86_64-arm-none-eabi/bin/../lib/gcc/arm-none-eabi/12.2.1/../../../../arm-none-eabi/lib/thumb/v7e-m+fp/hard/libc.a(libc_a-lock.o)
                0x000000002001d348                __lock___sfp_recursive_mutex
 *fill*         0x000000002001d349        0x3 
 .bss.__sf      0x000000002001d34c      0x138 /users7/cse/qmatthews/source/ArmGNUAssemblyWorkspace/arm-gnu-toolchain-12.2.rel1-x86_64-arm-none-eabi/bin/../lib/gcc/arm-none-eabi/12.2.1/../../../../arm-none-eabi/lib/thumb/v7e-m+fp/hard/libc.a(libc_a-findfp.o)
                0x000000002001d34c                __sf
 .bss.__stdio_exit_handler
                0x000000002001d484        0x4 /users7/cse/qmatthews/source/ArmGNUAssemblyWorkspace/arm-gnu-toolchain-12.2.rel1-x86_64-arm-none-eabi/bin/../lib/gcc/arm-none-eabi/12.2.1/../../../../arm-none-eabi/lib/thumb/v7e-m+fp/hard/libc.a(libc_a-findfp.o)
                0x000000002001d484                __stdio_exit_handler
 .bss.__atexit0
                0x000000002001d488      0x190 /users7/cse/qmatthews/source/ArmGNUAssemblyWorkspace/arm-gnu-toolchain-12.2.rel1-x86_64-arm-none-eabi/bin/../lib/gcc/arm-none-eabi/12.2.1/../../../../arm-none-eabi/lib/thumb/v7e-m+fp/hard/libc.a(libc_a-__atexit.o)
                0x000000002001d488                __atexit0
 .bss.errno     0x000000002001d618        0x4 /users7/cse/qmatthews/source/ArmGNUAssemblyWorkspace/arm-gnu-toolchain-12.2.rel1-x86_64-arm-none-eabi/bin/../lib/gcc/arm-none-eabi/12.2.1/../../../../arm-none-eabi/lib/thumb/v7e-m+fp/hard/libc.a(libc_a-reent.o)
                0x000000002001d618                errno
 .bss.heap_end.0
                0x000000002001d61c        0x4 /users7/cse/qmatthews/source/ArmGNUAssemblyWorkspace/arm-gnu-toolchain-12.2.rel1-x86_64-arm-none-eabi/bin/../lib/gcc/arm-none-eabi/12.2.1/../../../../arm-none-eabi/lib/thumb/v7e-m+fp/hard/libnosys.a(sbrk.o)
 *(COMMON)
                0x000000002001d620                __bss_end__ = .

.ccm            0x0000000010000000        0x0
                0x0000000010000000                . = ALIGN (0x4)
                0x0000000010000000                __ccm_start__ = .
 *(.ccm*)
                0x0000000010000000                . = ALIGN (0x4)
                0x0000000010000000                __ccm_end__ = .

.heap           0x0000000010000000      0xc00
                0x0000000010000000                __end__ = .
                0x0000000010000000                end = __end__
 *(.heap*)
 .heap          0x0000000010000000      0xc00 library.a(startup_stm32f429xx.o)
                0x0000000010000000                __HeapBase
                0x0000000010000c00                __HeapLimit = .

.stack_dummy    0x0000000010000000     0x1000
 *(.stack)
 .stack         0x0000000010000000     0x1000 library.a(startup_stm32f429xx.o)
                0x0000000010010000                __StackTop = (ORIGIN (CCM) + LENGTH (CCM))
                0x000000001000f000                __StackLimit = (__StackTop - SIZEOF (.stack_dummy))
                0x0000000010010000                PROVIDE (__stack = __StackTop)
                0x0000000000000001                ASSERT ((__StackLimit >= __HeapLimit), region CCM overflowed with stack)
OUTPUT(output.elf elf32-littlearm)
LOAD linker stubs

.ARM.attributes
                0x0000000000000000       0x30
 .ARM.attributes
                0x0000000000000000       0x22 /users7/cse/qmatthews/source/ArmGNUAssemblyWorkspace/arm-gnu-toolchain-12.2.rel1-x86_64-arm-none-eabi/bin/../lib/gcc/arm-none-eabi/12.2.1/thumb/v7e-m+fp/hard/crti.o
 .ARM.attributes
                0x0000000000000022       0x34 /users7/cse/qmatthews/source/ArmGNUAssemblyWorkspace/arm-gnu-toolchain-12.2.rel1-x86_64-arm-none-eabi/bin/../lib/gcc/arm-none-eabi/12.2.1/thumb/v7e-m+fp/hard/crtbegin.o
 .ARM.attributes
                0x0000000000000056       0x20 /users7/cse/qmatthews/source/ArmGNUAssemblyWorkspace/arm-gnu-toolchain-12.2.rel1-x86_64-arm-none-eabi/bin/../lib/gcc/arm-none-eabi/12.2.1/../../../../arm-none-eabi/lib/thumb/v7e-m+fp/hard/crt0.o
 .ARM.attributes
                0x0000000000000076       0x34 obj/Lab05-Part2Main-c.o
 .ARM.attributes
                0x00000000000000aa       0x25 obj/Lab05-Part2CPUID-s.o
 .ARM.attributes
                0x00000000000000cf       0x34 library.a(initialize.o)
 .ARM.attributes
                0x0000000000000103       0x34 library.a(stm32f429i_discovery.o)
 .ARM.attributes
                0x0000000000000137       0x34 library.a(stm32f429i_discovery_lcd.o)
 .ARM.attributes
                0x000000000000016b       0x34 library.a(stm32f429i_discovery_sdram.o)
 .ARM.attributes
                0x000000000000019f       0x34 library.a(stm32f4xx_hal.o)
 .ARM.attributes
                0x00000000000001d3       0x34 library.a(stm32f4xx_hal_cortex.o)
 .ARM.attributes
                0x0000000000000207       0x34 library.a(stm32f4xx_hal_dma.o)
 .ARM.attributes
                0x000000000000023b       0x34 library.a(stm32f4xx_hal_dma2d.o)
 .ARM.attributes
                0x000000000000026f       0x34 library.a(stm32f4xx_hal_gpio.o)
 .ARM.attributes
                0x00000000000002a3       0x34 library.a(stm32f4xx_hal_ltdc.o)
 .ARM.attributes
                0x00000000000002d7       0x34 library.a(stm32f4xx_hal_rcc.o)
 .ARM.attributes
                0x000000000000030b       0x34 library.a(stm32f4xx_hal_rcc_ex.o)
 .ARM.attributes
                0x000000000000033f       0x34 library.a(stm32f4xx_hal_sdram.o)
 .ARM.attributes
                0x0000000000000373       0x34 library.a(stm32f4xx_hal_spi.o)
 .ARM.attributes
                0x00000000000003a7       0x34 library.a(stm32f4xx_it.o)
 .ARM.attributes
                0x00000000000003db       0x34 library.a(stm32f4xx_ll_fmc.o)
 .ARM.attributes
                0x000000000000040f       0x34 library.a(svcHandler.o)
 .ARM.attributes
                0x0000000000000443       0x34 library.a(system_stm32f4xx.o)
 .ARM.attributes
                0x0000000000000477       0x1f library.a(startup_stm32f429xx.o)
 .ARM.attributes
                0x0000000000000496       0x34 library.a(ili9341.o)
 .ARM.attributes
                0x00000000000004ca       0x34 /users7/cse/qmatthews/source/ArmGNUAssemblyWorkspace/arm-gnu-toolchain-12.2.rel1-x86_64-arm-none-eabi/bin/../lib/gcc/arm-none-eabi/12.2.1/../../../../arm-none-eabi/lib/thumb/v7e-m+fp/hard/libc.a(libc_a-exit.o)
 .ARM.attributes